[    1489ms] [WARNING] Alerted:  @ https://myquds.ibnbadis.org/content.php?gid=1211_0_12:5
[   67275ms] [ERROR] Failed to load resource: net::ERR_NAME_NOT_RESOLVED @ https://res4sites/templates/myquds_ibnbadis/SHimages/usericon0.png:0
[   67309ms] [ERROR] Failed to load resource: net::ERR_NAME_NOT_RESOLVED @ https://ahgsites.earabics.com/AppsDZlast/Icons/IZP0A16D.gif:0
[  105298ms] [ERROR]  Error: Code 5xx
    at submitForms (https://dev.ibnbadis.org/exp_entry.php?site_id=4&paper=PS6E20A&ULang=AR&TLang=EN&ILang=AR&nfw9=1&page=44&npage=44&mbr=26:2970:30)
    at async HTMLButtonElement.<anonymous> (https://dev.ibnbadis.org/exp_entry.php?site_id=4&paper=PS6E20A&ULang=AR&TLang=EN&ILang=AR&nfw9=1&page=44&npage=44&mbr=26:399:21) @ https://dev.ibnbadis.org/exp_entry.php?site_id=4&paper=PS6E20A&ULang=AR&TLang=EN&ILang=AR&nfw9=1&page=44&npage=44&mbr=26:2974
[  105299ms] [ERROR] There was an error while saving the data. @ https://dev.ibnbadis.org/exp_entry.php?site_id=4&paper=PS6E20A&ULang=AR&TLang=EN&ILang=AR&nfw9=1&page=44&npage=44&mbr=26:403
[  198799ms] [ERROR]  Error: Code 5xx
    at submitForms (https://dev.ibnbadis.org/exp_entry.php?site_id=4&paper=PS6E20A&ULang=AR&TLang=EN&ILang=AR&nfw9=1&page=45&npage=45&mbr=26:2970:30)
    at async HTMLButtonElement.<anonymous> (https://dev.ibnbadis.org/exp_entry.php?site_id=4&paper=PS6E20A&ULang=AR&TLang=EN&ILang=AR&nfw9=1&page=45&npage=45&mbr=26:399:21) @ https://dev.ibnbadis.org/exp_entry.php?site_id=4&paper=PS6E20A&ULang=AR&TLang=EN&ILang=AR&nfw9=1&page=45&npage=45&mbr=26:2974
[  198800ms] [ERROR] There was an error while saving the data. @ https://dev.ibnbadis.org/exp_entry.php?site_id=4&paper=PS6E20A&ULang=AR&TLang=EN&ILang=AR&nfw9=1&page=45&npage=45&mbr=26:403
[  289443ms] [ERROR]  Error: Code 5xx
    at submitForms (https://dev.ibnbadis.org/exp_entry.php?site_id=4&paper=PS6E20A&ULang=AR&TLang=EN&ILang=AR&nfw9=1&page=46&npage=46&mbr=26:2970:30)
    at async HTMLButtonElement.<anonymous> (https://dev.ibnbadis.org/exp_entry.php?site_id=4&paper=PS6E20A&ULang=AR&TLang=EN&ILang=AR&nfw9=1&page=46&npage=46&mbr=26:399:21) @ https://dev.ibnbadis.org/exp_entry.php?site_id=4&paper=PS6E20A&ULang=AR&TLang=EN&ILang=AR&nfw9=1&page=46&npage=46&mbr=26:2974
[  289443ms] [ERROR] There was an error while saving the data. @ https://dev.ibnbadis.org/exp_entry.php?site_id=4&paper=PS6E20A&ULang=AR&TLang=EN&ILang=AR&nfw9=1&page=46&npage=46&mbr=26:403
[  386235ms] [ERROR]  Error: Code 5xx
    at submitForms (https://dev.ibnbadis.org/exp_entry.php?site_id=4&paper=PS6E20A&ULang=AR&TLang=EN&ILang=AR&nfw9=1&page=47&npage=47&mbr=26:2970:30)
    at async HTMLButtonElement.<anonymous> (https://dev.ibnbadis.org/exp_entry.php?site_id=4&paper=PS6E20A&ULang=AR&TLang=EN&ILang=AR&nfw9=1&page=47&npage=47&mbr=26:399:21) @ https://dev.ibnbadis.org/exp_entry.php?site_id=4&paper=PS6E20A&ULang=AR&TLang=EN&ILang=AR&nfw9=1&page=47&npage=47&mbr=26:2974
[  386236ms] [ERROR] There was an error while saving the data. @ https://dev.ibnbadis.org/exp_entry.php?site_id=4&paper=PS6E20A&ULang=AR&TLang=EN&ILang=AR&nfw9=1&page=47&npage=47&mbr=26:403
[ 5410945ms] ReferenceError: ddmegamenu is not defined
    at https://myquds.ibnbadis.org/login.php?ahg=2:1477:2
[ 5410963ms] TypeError: $(...).scrollToFixed is not a function
    at HTMLDocument.<anonymous> (https://myquds.ibnbadis.org/login.php?ahg=2:5262:34)
    at Object.resolveWith (https://myquds.ibnbadis.org/jscripts/infusion/InfusionAll.js:16:12559)
    at jQuery.ready (https://myquds.ibnbadis.org/jscripts/infusion/InfusionAll.js:16:5061)
    at HTMLDocument.DOMContentLoaded (https://myquds.ibnbadis.org/jscripts/infusion/InfusionAll.js:16:11516)
[ 5410989ms] TypeError: Cannot read properties of null (reading 'style')
    at HTMLDocument.<anonymous> (https://myquds.ibnbadis.org/login.php?ahg=2:2838:42)
[ 5411001ms] [VERBOSE] [DOM] Input elements should have autocomplete attributes (suggested: "current-password"): (More info: https://goo.gl/9p2vKq) %o @ https://myquds.ibnbadis.org/login.php?ahg=2:0
[ 5411353ms] ReferenceError: ddmegamenu is not defined
    at https://myquds.ibnbadis.org/login.php?ahg=2:1085:9
[ 5435836ms] TypeError: Cannot read properties of null (reading 'style')
    at ddpanel.initpanel (https://myquds.ibnbadis.org/includeahg/js/dddropdownpanel.js:118:11)
    at https://myquds.ibnbadis.org/includeahg/js/dddropdownpanel.js:24:50
[ 5450992ms] [WARNING] Alerted:  @ https://myquds.ibnbadis.org/content.php?gid=1199_0_1:5
[ 5454053ms] [ERROR] Failed to load resource: net::ERR_NAME_NOT_RESOLVED @ https://res4sites/templates/myquds_ibnbadis/SHimages/usericon0.png:0
[ 5454583ms] [ERROR] Failed to load resource: net::ERR_NAME_NOT_RESOLVED @ https://ahgsites.earabics.com/AppsDZlast/Icons/IZP0A16D.gif:0
