[     666ms] TypeError: Cannot read properties of null (reading 'style')
    at ddpanel.initpanel (https://myquds.ibnbadis.org/includeahg/js/dddropdownpanel.js:118:11)
    at https://myquds.ibnbadis.org/includeahg/js/dddropdownpanel.js:24:50
[   24687ms] [ERROR] Failed to load resource: net::ERR_NAME_NOT_RESOLVED @ https://res4sites/templates/myquds_ibnbadis/SHimages/usericon0.png:0
[   27463ms] [ERROR] Failed to load resource: net::ERR_NAME_NOT_RESOLVED @ https://res4sites/templates/myquds_ibnbadis/SHimages/usericon0.png:0
[   27479ms] [ERROR] Failed to load resource: net::ERR_NAME_NOT_RESOLVED @ https://ahgsites.earabics.com/AppsDZlast/Icons/IZP0A16D.gif:0
[   65010ms] [ERROR] Failed to load resource: net::ERR_NAME_NOT_RESOLVED @ https://res4sites/templates/myquds_ibnbadis/SHimages/usericon0.png:0
[   67887ms] [ERROR] Failed to load resource: net::ERR_NAME_NOT_RESOLVED @ https://ahgsites.earabics.com/AppsDZlast/Icons/IZP0A16D.gif:0
[  371592ms] [ERROR]  Error: Code 5xx
    at submitForms (https://dev.ibnbadis.org/exp_entry.php?site_id=4&paper=PS4E20B&ULang=AR&TLang=EN&ILang=AR&nfw9=1&page=5&npage=5&mbr=26:2980:30)
    at async HTMLButtonElement.<anonymous> (https://dev.ibnbadis.org/exp_entry.php?site_id=4&paper=PS4E20B&ULang=AR&TLang=EN&ILang=AR&nfw9=1&page=5&npage=5&mbr=26:399:21) @ https://dev.ibnbadis.org/exp_entry.php?site_id=4&paper=PS4E20B&ULang=AR&TLang=EN&ILang=AR&nfw9=1&page=5&npage=5&mbr=26:2984
[  371592ms] [ERROR] There was an error while saving the data. @ https://dev.ibnbadis.org/exp_entry.php?site_id=4&paper=PS4E20B&ULang=AR&TLang=EN&ILang=AR&nfw9=1&page=5&npage=5&mbr=26:403
[  560379ms] [ERROR] Failed to load resource: net::ERR_NAME_NOT_RESOLVED @ https://res4sites/templates/myquds_ibnbadis/SHimages/usericon0.png:0
[  562784ms] [ERROR] Failed to load resource: net::ERR_NAME_NOT_RESOLVED @ https://ahgsites.earabics.com/AppsDZlast/Icons/IZP0A16D.gif:0
[  807539ms] [ERROR]  Error: Code 5xx
    at submitForms (https://dev.ibnbadis.org/exp_entry.php?site_id=4&paper=PS4E20B&ULang=AR&TLang=EN&ILang=AR&nfw9=1&page=9&npage=9&mbr=26:2975:30)
    at async HTMLButtonElement.<anonymous> (https://dev.ibnbadis.org/exp_entry.php?site_id=4&paper=PS4E20B&ULang=AR&TLang=EN&ILang=AR&nfw9=1&page=9&npage=9&mbr=26:399:21) @ https://dev.ibnbadis.org/exp_entry.php?site_id=4&paper=PS4E20B&ULang=AR&TLang=EN&ILang=AR&nfw9=1&page=9&npage=9&mbr=26:2979
[  807540ms] [ERROR] There was an error while saving the data. @ https://dev.ibnbadis.org/exp_entry.php?site_id=4&paper=PS4E20B&ULang=AR&TLang=EN&ILang=AR&nfw9=1&page=9&npage=9&mbr=26:403
[  849094ms] [ERROR] Failed to load resource: net::ERR_NAME_NOT_RESOLVED @ https://res4sites/templates/myquds_ibnbadis/SHimages/usericon0.png:0
[  851704ms] [ERROR] Failed to load resource: net::ERR_NAME_NOT_RESOLVED @ https://ahgsites.earabics.com/AppsDZlast/Icons/IZP0A16D.gif:0
[  992342ms] [ERROR]  Error: Code 5xx
    at submitForms (https://dev.ibnbadis.org/exp_entry.php?site_id=4&paper=PS4E20B&ULang=AR&TLang=EN&ILang=AR&nfw9=1&page=11&npage=11&mbr=26:2970:30)
    at async HTMLButtonElement.<anonymous> (https://dev.ibnbadis.org/exp_entry.php?site_id=4&paper=PS4E20B&ULang=AR&TLang=EN&ILang=AR&nfw9=1&page=11&npage=11&mbr=26:399:21) @ https://dev.ibnbadis.org/exp_entry.php?site_id=4&paper=PS4E20B&ULang=AR&TLang=EN&ILang=AR&nfw9=1&page=11&npage=11&mbr=26:2974
[  992342ms] [ERROR] There was an error while saving the data. @ https://dev.ibnbadis.org/exp_entry.php?site_id=4&paper=PS4E20B&ULang=AR&TLang=EN&ILang=AR&nfw9=1&page=11&npage=11&mbr=26:403
[ 1102710ms] [ERROR] Failed to load resource: net::ERR_NAME_NOT_RESOLVED @ https://res4sites/templates/myquds_ibnbadis/SHimages/usericon0.png:0
[ 1105424ms] [ERROR] Failed to load resource: net::ERR_NAME_NOT_RESOLVED @ https://ahgsites.earabics.com/AppsDZlast/Icons/IZP0A16D.gif:0
[ 1153813ms] [ERROR]  Error: Code 5xx
    at submitForms (https://dev.ibnbadis.org/exp_entry.php?site_id=4&paper=PS4E20B&ULang=AR&TLang=EN&ILang=AR&nfw9=1&page=13&npage=13&mbr=26:2970:30)
    at async HTMLButtonElement.<anonymous> (https://dev.ibnbadis.org/exp_entry.php?site_id=4&paper=PS4E20B&ULang=AR&TLang=EN&ILang=AR&nfw9=1&page=13&npage=13&mbr=26:399:21) @ https://dev.ibnbadis.org/exp_entry.php?site_id=4&paper=PS4E20B&ULang=AR&TLang=EN&ILang=AR&nfw9=1&page=13&npage=13&mbr=26:2974
[ 1153813ms] [ERROR] There was an error while saving the data. @ https://dev.ibnbadis.org/exp_entry.php?site_id=4&paper=PS4E20B&ULang=AR&TLang=EN&ILang=AR&nfw9=1&page=13&npage=13&mbr=26:403
[ 3694628ms] [ERROR]  Error: Code 5xx
    at submitForms (https://dev.ibnbadis.org/exp_entry.php?site_id=4&paper=PS4E20B&ULang=AR&TLang=EN&ILang=AR&nfw9=1&page=15&npage=15&mbr=26:2970:30)
    at async HTMLButtonElement.<anonymous> (https://dev.ibnbadis.org/exp_entry.php?site_id=4&paper=PS4E20B&ULang=AR&TLang=EN&ILang=AR&nfw9=1&page=15&npage=15&mbr=26:399:21) @ https://dev.ibnbadis.org/exp_entry.php?site_id=4&paper=PS4E20B&ULang=AR&TLang=EN&ILang=AR&nfw9=1&page=15&npage=15&mbr=26:2974
[ 3694628ms] [ERROR] There was an error while saving the data. @ https://dev.ibnbadis.org/exp_entry.php?site_id=4&paper=PS4E20B&ULang=AR&TLang=EN&ILang=AR&nfw9=1&page=15&npage=15&mbr=26:403
[ 3825870ms] [ERROR] Failed to load resource: net::ERR_NAME_NOT_RESOLVED @ https://res4sites/templates/myquds_ibnbadis/SHimages/usericon0.png:0
[ 3828873ms] [ERROR] Failed to load resource: net::ERR_NAME_NOT_RESOLVED @ https://ahgsites.earabics.com/AppsDZlast/Icons/IZP0A16D.gif:0
[ 4067573ms] [ERROR]  Error: Code 5xx
    at submitForms (https://dev.ibnbadis.org/exp_entry.php?site_id=4&paper=PS4E20B&ULang=AR&TLang=EN&ILang=AR&nfw9=1&page=17&npage=17&mbr=26:2970:30)
    at async HTMLButtonElement.<anonymous> (https://dev.ibnbadis.org/exp_entry.php?site_id=4&paper=PS4E20B&ULang=AR&TLang=EN&ILang=AR&nfw9=1&page=17&npage=17&mbr=26:399:21) @ https://dev.ibnbadis.org/exp_entry.php?site_id=4&paper=PS4E20B&ULang=AR&TLang=EN&ILang=AR&nfw9=1&page=17&npage=17&mbr=26:2974
[ 4067573ms] [ERROR] There was an error while saving the data. @ https://dev.ibnbadis.org/exp_entry.php?site_id=4&paper=PS4E20B&ULang=AR&TLang=EN&ILang=AR&nfw9=1&page=17&npage=17&mbr=26:403
[ 4218244ms] [ERROR] Failed to load resource: net::ERR_NAME_NOT_RESOLVED @ https://res4sites/templates/myquds_ibnbadis/SHimages/usericon0.png:0
[ 4220777ms] [ERROR] Failed to load resource: net::ERR_NAME_NOT_RESOLVED @ https://ahgsites.earabics.com/AppsDZlast/Icons/IZP0A16D.gif:0
[ 4273638ms] [ERROR]  Error: Code 5xx
    at submitForms (https://dev.ibnbadis.org/exp_entry.php?site_id=4&paper=PS4E20B&ULang=AR&TLang=EN&ILang=AR&nfw9=1&page=19&npage=19&mbr=26:2970:30)
    at async HTMLButtonElement.<anonymous> (https://dev.ibnbadis.org/exp_entry.php?site_id=4&paper=PS4E20B&ULang=AR&TLang=EN&ILang=AR&nfw9=1&page=19&npage=19&mbr=26:399:21) @ https://dev.ibnbadis.org/exp_entry.php?site_id=4&paper=PS4E20B&ULang=AR&TLang=EN&ILang=AR&nfw9=1&page=19&npage=19&mbr=26:2974
[ 4273638ms] [ERROR] There was an error while saving the data. @ https://dev.ibnbadis.org/exp_entry.php?site_id=4&paper=PS4E20B&ULang=AR&TLang=EN&ILang=AR&nfw9=1&page=19&npage=19&mbr=26:403
[ 4480652ms] [ERROR]  Error: Code 5xx
    at submitForms (https://dev.ibnbadis.org/exp_entry.php?site_id=4&paper=PS4E20B&ULang=AR&TLang=EN&ILang=AR&nfw9=1&page=21&npage=21&mbr=26:2970:30)
    at async HTMLButtonElement.<anonymous> (https://dev.ibnbadis.org/exp_entry.php?site_id=4&paper=PS4E20B&ULang=AR&TLang=EN&ILang=AR&nfw9=1&page=21&npage=21&mbr=26:399:21) @ https://dev.ibnbadis.org/exp_entry.php?site_id=4&paper=PS4E20B&ULang=AR&TLang=EN&ILang=AR&nfw9=1&page=21&npage=21&mbr=26:2974
[ 4480652ms] [ERROR] There was an error while saving the data. @ https://dev.ibnbadis.org/exp_entry.php?site_id=4&paper=PS4E20B&ULang=AR&TLang=EN&ILang=AR&nfw9=1&page=21&npage=21&mbr=26:403
[ 4520545ms] [ERROR] Failed to load resource: net::ERR_NAME_NOT_RESOLVED @ https://res4sites/templates/myquds_ibnbadis/SHimages/usericon0.png:0
[ 4523549ms] [ERROR] Failed to load resource: net::ERR_NAME_NOT_RESOLVED @ https://ahgsites.earabics.com/AppsDZlast/Icons/IZP0A16D.gif:0
[ 4720159ms] [ERROR]  Error: Code 5xx
    at submitForms (https://dev.ibnbadis.org/exp_entry.php?site_id=4&paper=PS4E20B&ULang=AR&TLang=EN&ILang=AR&nfw9=1&page=23&npage=23&mbr=26:2970:30)
    at async HTMLButtonElement.<anonymous> (https://dev.ibnbadis.org/exp_entry.php?site_id=4&paper=PS4E20B&ULang=AR&TLang=EN&ILang=AR&nfw9=1&page=23&npage=23&mbr=26:399:21) @ https://dev.ibnbadis.org/exp_entry.php?site_id=4&paper=PS4E20B&ULang=AR&TLang=EN&ILang=AR&nfw9=1&page=23&npage=23&mbr=26:2974
[ 4720160ms] [ERROR] There was an error while saving the data. @ https://dev.ibnbadis.org/exp_entry.php?site_id=4&paper=PS4E20B&ULang=AR&TLang=EN&ILang=AR&nfw9=1&page=23&npage=23&mbr=26:403
[ 4847651ms] [ERROR] Failed to load resource: net::ERR_NAME_NOT_RESOLVED @ https://res4sites/templates/myquds_ibnbadis/SHimages/usericon0.png:0
[ 4848148ms] [ERROR] Failed to load resource: net::ERR_NAME_NOT_RESOLVED @ https://res4sites/templates/myquds_ibnbadis/SHimages/usericon0.png:0
[ 4851349ms] [ERROR] Failed to load resource: net::ERR_NAME_NOT_RESOLVED @ https://ahgsites.earabics.com/AppsDZlast/Icons/IZP0A16D.gif:0
[ 4914492ms] [ERROR]  Error: Code 5xx
    at submitForms (https://dev.ibnbadis.org/exp_entry.php?site_id=4&paper=PS4E20B&ULang=AR&TLang=EN&ILang=AR&nfw9=1&page=25&npage=25&mbr=26:2970:30)
    at async HTMLButtonElement.<anonymous> (https://dev.ibnbadis.org/exp_entry.php?site_id=4&paper=PS4E20B&ULang=AR&TLang=EN&ILang=AR&nfw9=1&page=25&npage=25&mbr=26:399:21) @ https://dev.ibnbadis.org/exp_entry.php?site_id=4&paper=PS4E20B&ULang=AR&TLang=EN&ILang=AR&nfw9=1&page=25&npage=25&mbr=26:2974
[ 4914493ms] [ERROR] There was an error while saving the data. @ https://dev.ibnbadis.org/exp_entry.php?site_id=4&paper=PS4E20B&ULang=AR&TLang=EN&ILang=AR&nfw9=1&page=25&npage=25&mbr=26:403
[ 5096039ms] [ERROR]  Error: Code 5xx
    at submitForms (https://dev.ibnbadis.org/exp_entry.php?site_id=4&paper=PS4E20B&ULang=AR&TLang=EN&ILang=AR&nfw9=1&page=27&npage=27&mbr=26:2970:30)
    at async HTMLButtonElement.<anonymous> (https://dev.ibnbadis.org/exp_entry.php?site_id=4&paper=PS4E20B&ULang=AR&TLang=EN&ILang=AR&nfw9=1&page=27&npage=27&mbr=26:399:21) @ https://dev.ibnbadis.org/exp_entry.php?site_id=4&paper=PS4E20B&ULang=AR&TLang=EN&ILang=AR&nfw9=1&page=27&npage=27&mbr=26:2974
[ 5096040ms] [ERROR] There was an error while saving the data. @ https://dev.ibnbadis.org/exp_entry.php?site_id=4&paper=PS4E20B&ULang=AR&TLang=EN&ILang=AR&nfw9=1&page=27&npage=27&mbr=26:403
[ 5138625ms] [ERROR] Failed to load resource: net::ERR_NAME_NOT_RESOLVED @ https://res4sites/templates/myquds_ibnbadis/SHimages/usericon0.png:0
[ 5139607ms] [ERROR] Failed to load resource: net::ERR_NAME_NOT_RESOLVED @ https://ahgsites.earabics.com/AppsDZlast/Icons/IZP0A16D.gif:0
[ 5197388ms] [ERROR]  Error: Code 5xx
    at submitForms (https://dev.ibnbadis.org/exp_entry.php?site_id=4&paper=PS4E20B&ULang=AR&TLang=EN&ILang=AR&nfw9=1&page=28&npage=28&mbr=26:2970:30)
    at async HTMLButtonElement.<anonymous> (https://dev.ibnbadis.org/exp_entry.php?site_id=4&paper=PS4E20B&ULang=AR&TLang=EN&ILang=AR&nfw9=1&page=28&npage=28&mbr=26:399:21) @ https://dev.ibnbadis.org/exp_entry.php?site_id=4&paper=PS4E20B&ULang=AR&TLang=EN&ILang=AR&nfw9=1&page=28&npage=28&mbr=26:2974
[ 5197390ms] [ERROR] There was an error while saving the data. @ https://dev.ibnbadis.org/exp_entry.php?site_id=4&paper=PS4E20B&ULang=AR&TLang=EN&ILang=AR&nfw9=1&page=28&npage=28&mbr=26:403
[ 5341380ms] [ERROR]  Error: Code 5xx
    at submitForms (https://dev.ibnbadis.org/exp_entry.php?site_id=4&paper=PS4E20B&ULang=AR&TLang=EN&ILang=AR&nfw9=1&page=29&npage=29&mbr=26:2970:30)
    at async HTMLButtonElement.<anonymous> (https://dev.ibnbadis.org/exp_entry.php?site_id=4&paper=PS4E20B&ULang=AR&TLang=EN&ILang=AR&nfw9=1&page=29&npage=29&mbr=26:399:21) @ https://dev.ibnbadis.org/exp_entry.php?site_id=4&paper=PS4E20B&ULang=AR&TLang=EN&ILang=AR&nfw9=1&page=29&npage=29&mbr=26:2974
[ 5341381ms] [ERROR] There was an error while saving the data. @ https://dev.ibnbadis.org/exp_entry.php?site_id=4&paper=PS4E20B&ULang=AR&TLang=EN&ILang=AR&nfw9=1&page=29&npage=29&mbr=26:403
[ 5419816ms] [ERROR]  Error: Code 5xx
    at submitForms (https://dev.ibnbadis.org/exp_entry.php?site_id=4&paper=PS4E20B&ULang=AR&TLang=EN&ILang=AR&nfw9=1&page=30&npage=30&mbr=26:2970:30)
    at async HTMLButtonElement.<anonymous> (https://dev.ibnbadis.org/exp_entry.php?site_id=4&paper=PS4E20B&ULang=AR&TLang=EN&ILang=AR&nfw9=1&page=30&npage=30&mbr=26:399:21) @ https://dev.ibnbadis.org/exp_entry.php?site_id=4&paper=PS4E20B&ULang=AR&TLang=EN&ILang=AR&nfw9=1&page=30&npage=30&mbr=26:2974
[ 5419816ms] [ERROR] There was an error while saving the data. @ https://dev.ibnbadis.org/exp_entry.php?site_id=4&paper=PS4E20B&ULang=AR&TLang=EN&ILang=AR&nfw9=1&page=30&npage=30&mbr=26:403
[ 5457712ms] [ERROR] Failed to load resource: net::ERR_NAME_NOT_RESOLVED @ https://res4sites/templates/myquds_ibnbadis/SHimages/usericon0.png:0
[ 5460430ms] [ERROR] Failed to load resource: net::ERR_NAME_NOT_RESOLVED @ https://ahgsites.earabics.com/AppsDZlast/Icons/IZP0A16D.gif:0
[ 5483983ms] [ERROR]  Error: Code 5xx
    at submitForms (https://dev.ibnbadis.org/exp_entry.php?site_id=4&paper=PS4E20B&ULang=AR&TLang=EN&ILang=AR&nfw9=1&page=31&npage=31&mbr=26:2970:30)
    at async HTMLButtonElement.<anonymous> (https://dev.ibnbadis.org/exp_entry.php?site_id=4&paper=PS4E20B&ULang=AR&TLang=EN&ILang=AR&nfw9=1&page=31&npage=31&mbr=26:399:21) @ https://dev.ibnbadis.org/exp_entry.php?site_id=4&paper=PS4E20B&ULang=AR&TLang=EN&ILang=AR&nfw9=1&page=31&npage=31&mbr=26:2974
[ 5483983ms] [ERROR] There was an error while saving the data. @ https://dev.ibnbadis.org/exp_entry.php?site_id=4&paper=PS4E20B&ULang=AR&TLang=EN&ILang=AR&nfw9=1&page=31&npage=31&mbr=26:403
[ 5546433ms] [ERROR]  Error: Code 5xx
    at submitForms (https://dev.ibnbadis.org/exp_entry.php?site_id=4&paper=PS4E20B&ULang=AR&TLang=EN&ILang=AR&nfw9=1&page=32&npage=32&mbr=26:2970:30)
    at async HTMLButtonElement.<anonymous> (https://dev.ibnbadis.org/exp_entry.php?site_id=4&paper=PS4E20B&ULang=AR&TLang=EN&ILang=AR&nfw9=1&page=32&npage=32&mbr=26:399:21) @ https://dev.ibnbadis.org/exp_entry.php?site_id=4&paper=PS4E20B&ULang=AR&TLang=EN&ILang=AR&nfw9=1&page=32&npage=32&mbr=26:2974
[ 5546433ms] [ERROR] There was an error while saving the data. @ https://dev.ibnbadis.org/exp_entry.php?site_id=4&paper=PS4E20B&ULang=AR&TLang=EN&ILang=AR&nfw9=1&page=32&npage=32&mbr=26:403
[ 5617495ms] [ERROR]  Error: Code 5xx
    at submitForms (https://dev.ibnbadis.org/exp_entry.php?site_id=4&paper=PS4E20B&ULang=AR&TLang=EN&ILang=AR&nfw9=1&page=33&npage=33&mbr=26:2970:30)
    at async HTMLButtonElement.<anonymous> (https://dev.ibnbadis.org/exp_entry.php?site_id=4&paper=PS4E20B&ULang=AR&TLang=EN&ILang=AR&nfw9=1&page=33&npage=33&mbr=26:399:21) @ https://dev.ibnbadis.org/exp_entry.php?site_id=4&paper=PS4E20B&ULang=AR&TLang=EN&ILang=AR&nfw9=1&page=33&npage=33&mbr=26:2974
[ 5617497ms] [ERROR] There was an error while saving the data. @ https://dev.ibnbadis.org/exp_entry.php?site_id=4&paper=PS4E20B&ULang=AR&TLang=EN&ILang=AR&nfw9=1&page=33&npage=33&mbr=26:403
[ 5655659ms] [ERROR] Failed to load resource: net::ERR_NAME_NOT_RESOLVED @ https://res4sites/templates/myquds_ibnbadis/SHimages/usericon0.png:0
