[    1829ms] [ERROR] Failed to load resource: net::ERR_NAME_NOT_RESOLVED @ https://res4sites/templates/myquds_ibnbadis/SHimages/usericon0.png:0
[    4658ms] [ERROR] Failed to load resource: net::ERR_NAME_NOT_RESOLVED @ https://ahgsites.earabics.com/AppsDZlast/Icons/IZP0A16D.gif:0
[   47839ms] [ERROR]  Error: Code 5xx
    at submitForms (https://dev.ibnbadis.org/exp_entry.php?site_id=4&paper=PS5E20A&ULang=AR&TLang=EN&ILang=AR&nfw9=1&page=24&npage=24&mbr=26:2970:30)
    at async HTMLButtonElement.<anonymous> (https://dev.ibnbadis.org/exp_entry.php?site_id=4&paper=PS5E20A&ULang=AR&TLang=EN&ILang=AR&nfw9=1&page=24&npage=24&mbr=26:399:21) @ https://dev.ibnbadis.org/exp_entry.php?site_id=4&paper=PS5E20A&ULang=AR&TLang=EN&ILang=AR&nfw9=1&page=24&npage=24&mbr=26:2974
[   47839ms] [ERROR] There was an error while saving the data. @ https://dev.ibnbadis.org/exp_entry.php?site_id=4&paper=PS5E20A&ULang=AR&TLang=EN&ILang=AR&nfw9=1&page=24&npage=24&mbr=26:403
[  129853ms] [ERROR]  Error: Code 5xx
    at submitForms (https://dev.ibnbadis.org/exp_entry.php?site_id=4&paper=PS5E20A&ULang=AR&TLang=EN&ILang=AR&nfw9=1&page=25&npage=25&mbr=26:2970:30)
    at async HTMLButtonElement.<anonymous> (https://dev.ibnbadis.org/exp_entry.php?site_id=4&paper=PS5E20A&ULang=AR&TLang=EN&ILang=AR&nfw9=1&page=25&npage=25&mbr=26:399:21) @ https://dev.ibnbadis.org/exp_entry.php?site_id=4&paper=PS5E20A&ULang=AR&TLang=EN&ILang=AR&nfw9=1&page=25&npage=25&mbr=26:2974
[  129853ms] [ERROR] There was an error while saving the data. @ https://dev.ibnbadis.org/exp_entry.php?site_id=4&paper=PS5E20A&ULang=AR&TLang=EN&ILang=AR&nfw9=1&page=25&npage=25&mbr=26:403
[  207890ms] [ERROR]  Error: Code 5xx
    at submitForms (https://dev.ibnbadis.org/exp_entry.php?site_id=4&paper=PS5E20A&ULang=AR&TLang=EN&ILang=AR&nfw9=1&page=26&npage=26&mbr=26:2970:30)
    at async HTMLButtonElement.<anonymous> (https://dev.ibnbadis.org/exp_entry.php?site_id=4&paper=PS5E20A&ULang=AR&TLang=EN&ILang=AR&nfw9=1&page=26&npage=26&mbr=26:399:21) @ https://dev.ibnbadis.org/exp_entry.php?site_id=4&paper=PS5E20A&ULang=AR&TLang=EN&ILang=AR&nfw9=1&page=26&npage=26&mbr=26:2974
[  207890ms] [ERROR] There was an error while saving the data. @ https://dev.ibnbadis.org/exp_entry.php?site_id=4&paper=PS5E20A&ULang=AR&TLang=EN&ILang=AR&nfw9=1&page=26&npage=26&mbr=26:403
[  274874ms] [ERROR]  Error: Code 5xx
    at submitForms (https://dev.ibnbadis.org/exp_entry.php?site_id=4&paper=PS5E20A&ULang=AR&TLang=EN&ILang=AR&nfw9=1&page=27&npage=27&mbr=26:2970:30)
    at async HTMLButtonElement.<anonymous> (https://dev.ibnbadis.org/exp_entry.php?site_id=4&paper=PS5E20A&ULang=AR&TLang=EN&ILang=AR&nfw9=1&page=27&npage=27&mbr=26:399:21) @ https://dev.ibnbadis.org/exp_entry.php?site_id=4&paper=PS5E20A&ULang=AR&TLang=EN&ILang=AR&nfw9=1&page=27&npage=27&mbr=26:2974
[  274875ms] [ERROR] There was an error while saving the data. @ https://dev.ibnbadis.org/exp_entry.php?site_id=4&paper=PS5E20A&ULang=AR&TLang=EN&ILang=AR&nfw9=1&page=27&npage=27&mbr=26:403
[ 3403803ms] ReferenceError: ddmegamenu is not defined
    at https://myquds.ibnbadis.org/login.php?ahg=2:1477:2
[ 3403818ms] TypeError: $(...).scrollToFixed is not a function
    at HTMLDocument.<anonymous> (https://myquds.ibnbadis.org/login.php?ahg=2:5262:34)
    at Object.resolveWith (https://myquds.ibnbadis.org/jscripts/infusion/InfusionAll.js:16:12559)
    at jQuery.ready (https://myquds.ibnbadis.org/jscripts/infusion/InfusionAll.js:16:5061)
    at HTMLDocument.DOMContentLoaded (https://myquds.ibnbadis.org/jscripts/infusion/InfusionAll.js:16:11516)
[ 3403847ms] TypeError: Cannot read properties of null (reading 'style')
    at HTMLDocument.<anonymous> (https://myquds.ibnbadis.org/login.php?ahg=2:2838:42)
[ 3403856ms] [VERBOSE] [DOM] Input elements should have autocomplete attributes (suggested: "current-password"): (More info: https://goo.gl/9p2vKq) %o @ https://myquds.ibnbadis.org/login.php?ahg=2:0
[ 3403962ms] ReferenceError: ddmegamenu is not defined
    at https://myquds.ibnbadis.org/login.php?ahg=2:1085:9
[ 3411973ms] TypeError: Cannot read properties of null (reading 'style')
    at ddpanel.initpanel (https://myquds.ibnbadis.org/includeahg/js/dddropdownpanel.js:118:11)
    at https://myquds.ibnbadis.org/includeahg/js/dddropdownpanel.js:24:50
[ 3439319ms] [ERROR] Failed to load resource: net::ERR_NAME_NOT_RESOLVED @ https://res4sites/templates/myquds_ibnbadis/SHimages/usericon0.png:0
[ 3442334ms] [ERROR] Failed to load resource: net::ERR_NAME_NOT_RESOLVED @ https://ahgsites.earabics.com/AppsDZlast/Icons/IZP0A16D.gif:0
