[    1247ms] [ERROR] Failed to load resource: net::ERR_NAME_NOT_RESOLVED @ https://res4sites/templates/myquds_ibnbadis/SHimages/usericon0.png:0
[    4052ms] [ERROR] Failed to load resource: net::ERR_NAME_NOT_RESOLVED @ https://ahgsites.earabics.com/AppsDZlast/Icons/IZP0A16D.gif:0
[   99990ms] [ERROR]  Error: Code 5xx
    at submitForms (https://dev.ibnbadis.org/exp_entry.php?site_id=4&paper=PS5E20A&ULang=AR&TLang=EN&ILang=AR&nfw9=1&page=56&npage=56&mbr=26:2970:30)
    at async HTMLButtonElement.<anonymous> (https://dev.ibnbadis.org/exp_entry.php?site_id=4&paper=PS5E20A&ULang=AR&TLang=EN&ILang=AR&nfw9=1&page=56&npage=56&mbr=26:399:21) @ https://dev.ibnbadis.org/exp_entry.php?site_id=4&paper=PS5E20A&ULang=AR&TLang=EN&ILang=AR&nfw9=1&page=56&npage=56&mbr=26:2974
[   99990ms] [ERROR] There was an error while saving the data. @ https://dev.ibnbadis.org/exp_entry.php?site_id=4&paper=PS5E20A&ULang=AR&TLang=EN&ILang=AR&nfw9=1&page=56&npage=56&mbr=26:403
[  178510ms] [ERROR]  Error: Code 5xx
    at submitForms (https://dev.ibnbadis.org/exp_entry.php?site_id=4&paper=PS5E20A&ULang=AR&TLang=EN&ILang=AR&nfw9=1&page=57&npage=57&mbr=26:2970:30)
    at async HTMLButtonElement.<anonymous> (https://dev.ibnbadis.org/exp_entry.php?site_id=4&paper=PS5E20A&ULang=AR&TLang=EN&ILang=AR&nfw9=1&page=57&npage=57&mbr=26:399:21) @ https://dev.ibnbadis.org/exp_entry.php?site_id=4&paper=PS5E20A&ULang=AR&TLang=EN&ILang=AR&nfw9=1&page=57&npage=57&mbr=26:2974
[  178510ms] [ERROR] There was an error while saving the data. @ https://dev.ibnbadis.org/exp_entry.php?site_id=4&paper=PS5E20A&ULang=AR&TLang=EN&ILang=AR&nfw9=1&page=57&npage=57&mbr=26:403
[  243025ms] [ERROR]  Error: Code 5xx
    at submitForms (https://dev.ibnbadis.org/exp_entry.php?site_id=4&paper=PS5E20A&ULang=AR&TLang=EN&ILang=AR&nfw9=1&page=58&npage=58&mbr=26:2970:30)
    at async HTMLButtonElement.<anonymous> (https://dev.ibnbadis.org/exp_entry.php?site_id=4&paper=PS5E20A&ULang=AR&TLang=EN&ILang=AR&nfw9=1&page=58&npage=58&mbr=26:399:21) @ https://dev.ibnbadis.org/exp_entry.php?site_id=4&paper=PS5E20A&ULang=AR&TLang=EN&ILang=AR&nfw9=1&page=58&npage=58&mbr=26:2974
[  243026ms] [ERROR] There was an error while saving the data. @ https://dev.ibnbadis.org/exp_entry.php?site_id=4&paper=PS5E20A&ULang=AR&TLang=EN&ILang=AR&nfw9=1&page=58&npage=58&mbr=26:403
[  357312ms] [ERROR]  Error: Code 5xx
    at submitForms (https://dev.ibnbadis.org/exp_entry.php?site_id=4&paper=PS5E20A&ULang=AR&TLang=EN&ILang=AR&nfw9=1&page=59&npage=59&mbr=26:2970:30)
    at async HTMLButtonElement.<anonymous> (https://dev.ibnbadis.org/exp_entry.php?site_id=4&paper=PS5E20A&ULang=AR&TLang=EN&ILang=AR&nfw9=1&page=59&npage=59&mbr=26:399:21) @ https://dev.ibnbadis.org/exp_entry.php?site_id=4&paper=PS5E20A&ULang=AR&TLang=EN&ILang=AR&nfw9=1&page=59&npage=59&mbr=26:2974
[  357313ms] [ERROR] There was an error while saving the data. @ https://dev.ibnbadis.org/exp_entry.php?site_id=4&paper=PS5E20A&ULang=AR&TLang=EN&ILang=AR&nfw9=1&page=59&npage=59&mbr=26:403
[ 6720522ms] ReferenceError: ddmegamenu is not defined
    at https://myquds.ibnbadis.org/login.php?ahg=2:1477:2
[ 6720536ms] TypeError: $(...).scrollToFixed is not a function
    at HTMLDocument.<anonymous> (https://myquds.ibnbadis.org/login.php?ahg=2:5262:34)
    at Object.resolveWith (https://myquds.ibnbadis.org/jscripts/infusion/InfusionAll.js:16:12559)
    at jQuery.ready (https://myquds.ibnbadis.org/jscripts/infusion/InfusionAll.js:16:5061)
    at HTMLDocument.DOMContentLoaded (https://myquds.ibnbadis.org/jscripts/infusion/InfusionAll.js:16:11516)
[ 6720568ms] TypeError: Cannot read properties of null (reading 'style')
    at HTMLDocument.<anonymous> (https://myquds.ibnbadis.org/login.php?ahg=2:2838:42)
[ 6720578ms] [VERBOSE] [DOM] Input elements should have autocomplete attributes (suggested: "current-password"): (More info: https://goo.gl/9p2vKq) %o @ https://myquds.ibnbadis.org/login.php?ahg=2:0
[ 6721139ms] ReferenceError: ddmegamenu is not defined
    at https://myquds.ibnbadis.org/login.php?ahg=2:1085:9
[ 6738266ms] TypeError: Cannot read properties of null (reading 'style')
    at ddpanel.initpanel (https://myquds.ibnbadis.org/includeahg/js/dddropdownpanel.js:118:11)
    at https://myquds.ibnbadis.org/includeahg/js/dddropdownpanel.js:24:50
