[     746ms] ReferenceError: ddmegamenu is not defined
    at https://myquds.ibnbadis.org/login.php?ahg=2:1477:2
[     767ms] TypeError: $(...).scrollToFixed is not a function
    at HTMLDocument.<anonymous> (https://myquds.ibnbadis.org/login.php?ahg=2:5262:34)
    at Object.resolveWith (https://myquds.ibnbadis.org/jscripts/infusion/InfusionAll.js:16:12559)
    at jQuery.ready (https://myquds.ibnbadis.org/jscripts/infusion/InfusionAll.js:16:5061)
    at HTMLDocument.DOMContentLoaded (https://myquds.ibnbadis.org/jscripts/infusion/InfusionAll.js:16:11516)
[     796ms] TypeError: Cannot read properties of null (reading 'style')
    at HTMLDocument.<anonymous> (https://myquds.ibnbadis.org/login.php?ahg=2:2838:42)
[     810ms] [VERBOSE] [DOM] Input elements should have autocomplete attributes (suggested: "current-password"): (More info: https://goo.gl/9p2vKq) %o @ https://myquds.ibnbadis.org/login.php?ahg=2:0
[    1305ms] ReferenceError: ddmegamenu is not defined
    at https://myquds.ibnbadis.org/login.php?ahg=2:1085:9
[    9774ms] TypeError: Cannot read properties of null (reading 'style')
    at ddpanel.initpanel (https://myquds.ibnbadis.org/includeahg/js/dddropdownpanel.js:118:11)
    at https://myquds.ibnbadis.org/includeahg/js/dddropdownpanel.js:24:50
[   19714ms] [ERROR] Failed to load resource: net::ERR_NAME_NOT_RESOLVED @ https://res4sites/templates/myquds_ibnbadis/SHimages/usericon0.png:0
[   22139ms] [ERROR] Failed to load resource: net::ERR_NAME_NOT_RESOLVED @ https://ahgsites.earabics.com/AppsDZlast/Icons/IZP0A16D.gif:0
[   48373ms] [ERROR] Failed to load resource: net::ERR_NAME_NOT_RESOLVED @ https://res4sites/templates/myquds_ibnbadis/SHimages/usericon0.png:0
[   50718ms] [ERROR] Failed to load resource: net::ERR_NAME_NOT_RESOLVED @ https://ahgsites.earabics.com/AppsDZlast/Icons/IZP0A16D.gif:0
[  238726ms] [ERROR]  Error: Code 5xx
    at submitForms (https://dev.ibnbadis.org/exp_entry.php?site_id=4&paper=PS4E20A&ULang=AR&TLang=EN&ILang=AR&nfw9=1&page=34&npage=34&mbr=26:2970:30)
    at async HTMLButtonElement.<anonymous> (https://dev.ibnbadis.org/exp_entry.php?site_id=4&paper=PS4E20A&ULang=AR&TLang=EN&ILang=AR&nfw9=1&page=34&npage=34&mbr=26:399:21) @ https://dev.ibnbadis.org/exp_entry.php?site_id=4&paper=PS4E20A&ULang=AR&TLang=EN&ILang=AR&nfw9=1&page=34&npage=34&mbr=26:2974
[  238726ms] [ERROR] There was an error while saving the data. @ https://dev.ibnbadis.org/exp_entry.php?site_id=4&paper=PS4E20A&ULang=AR&TLang=EN&ILang=AR&nfw9=1&page=34&npage=34&mbr=26:403
[  460527ms] [ERROR]  Error: Code 5xx
    at submitForms (https://dev.ibnbadis.org/exp_entry.php?site_id=4&paper=PS4E20A&ULang=AR&TLang=EN&ILang=AR&nfw9=1&page=36&npage=36&mbr=26:2970:30)
    at async HTMLButtonElement.<anonymous> (https://dev.ibnbadis.org/exp_entry.php?site_id=4&paper=PS4E20A&ULang=AR&TLang=EN&ILang=AR&nfw9=1&page=36&npage=36&mbr=26:399:21) @ https://dev.ibnbadis.org/exp_entry.php?site_id=4&paper=PS4E20A&ULang=AR&TLang=EN&ILang=AR&nfw9=1&page=36&npage=36&mbr=26:2974
[  460528ms] [ERROR] There was an error while saving the data. @ https://dev.ibnbadis.org/exp_entry.php?site_id=4&paper=PS4E20A&ULang=AR&TLang=EN&ILang=AR&nfw9=1&page=36&npage=36&mbr=26:403
[ 2082848ms] ReferenceError: ddmegamenu is not defined
    at https://myquds.ibnbadis.org/login.php?ahg=2:1477:2
[ 2082860ms] TypeError: $(...).scrollToFixed is not a function
    at HTMLDocument.<anonymous> (https://myquds.ibnbadis.org/login.php?ahg=2:5262:34)
    at Object.resolveWith (https://myquds.ibnbadis.org/jscripts/infusion/InfusionAll.js:16:12559)
    at jQuery.ready (https://myquds.ibnbadis.org/jscripts/infusion/InfusionAll.js:16:5061)
    at HTMLDocument.DOMContentLoaded (https://myquds.ibnbadis.org/jscripts/infusion/InfusionAll.js:16:11516)
[ 2082888ms] TypeError: Cannot read properties of null (reading 'style')
    at HTMLDocument.<anonymous> (https://myquds.ibnbadis.org/login.php?ahg=2:2838:42)
[ 2082896ms] [VERBOSE] [DOM] Input elements should have autocomplete attributes (suggested: "current-password"): (More info: https://goo.gl/9p2vKq) %o @ https://myquds.ibnbadis.org/login.php?ahg=2:0
[ 2083487ms] ReferenceError: ddmegamenu is not defined
    at https://myquds.ibnbadis.org/login.php?ahg=2:1085:9
[ 2100763ms] TypeError: Cannot read properties of null (reading 'style')
    at ddpanel.initpanel (https://myquds.ibnbadis.org/includeahg/js/dddropdownpanel.js:118:11)
    at https://myquds.ibnbadis.org/includeahg/js/dddropdownpanel.js:24:50
[ 2110506ms] [ERROR] Failed to load resource: net::ERR_NAME_NOT_RESOLVED @ https://res4sites/templates/myquds_ibnbadis/SHimages/usericon0.png:0
[ 2112961ms] [ERROR] Failed to load resource: net::ERR_NAME_NOT_RESOLVED @ https://ahgsites.earabics.com/AppsDZlast/Icons/IZP0A16D.gif:0
[ 2160926ms] [ERROR] Failed to load resource: net::ERR_NAME_NOT_RESOLVED @ https://res4sites/templates/myquds_ibnbadis/SHimages/usericon0.png:0
[ 2163655ms] [ERROR] Failed to load resource: net::ERR_NAME_NOT_RESOLVED @ https://ahgsites.earabics.com/AppsDZlast/Icons/IZP0A16D.gif:0
[ 2520000ms] [ERROR]  Error: Code 5xx
    at submitForms (https://dev.ibnbadis.org/exp_entry.php?site_id=4&paper=PS4E20A&ULang=AR&TLang=EN&ILang=AR&nfw9=1&page=38&npage=38&mbr=26:2970:30)
    at async HTMLButtonElement.<anonymous> (https://dev.ibnbadis.org/exp_entry.php?site_id=4&paper=PS4E20A&ULang=AR&TLang=EN&ILang=AR&nfw9=1&page=38&npage=38&mbr=26:399:21) @ https://dev.ibnbadis.org/exp_entry.php?site_id=4&paper=PS4E20A&ULang=AR&TLang=EN&ILang=AR&nfw9=1&page=38&npage=38&mbr=26:2974
[ 2520000ms] [ERROR] There was an error while saving the data. @ https://dev.ibnbadis.org/exp_entry.php?site_id=4&paper=PS4E20A&ULang=AR&TLang=EN&ILang=AR&nfw9=1&page=38&npage=38&mbr=26:403
[ 2608914ms] [ERROR]  Error: Code 5xx
    at submitForms (https://dev.ibnbadis.org/exp_entry.php?site_id=4&paper=PS4E20A&ULang=AR&TLang=EN&ILang=AR&nfw9=1&page=39&npage=39&mbr=26:2970:30)
    at async HTMLButtonElement.<anonymous> (https://dev.ibnbadis.org/exp_entry.php?site_id=4&paper=PS4E20A&ULang=AR&TLang=EN&ILang=AR&nfw9=1&page=39&npage=39&mbr=26:399:21) @ https://dev.ibnbadis.org/exp_entry.php?site_id=4&paper=PS4E20A&ULang=AR&TLang=EN&ILang=AR&nfw9=1&page=39&npage=39&mbr=26:2974
[ 2608914ms] [ERROR] There was an error while saving the data. @ https://dev.ibnbadis.org/exp_entry.php?site_id=4&paper=PS4E20A&ULang=AR&TLang=EN&ILang=AR&nfw9=1&page=39&npage=39&mbr=26:403
[ 2663077ms] [ERROR] Failed to load resource: net::ERR_NAME_NOT_RESOLVED @ https://res4sites/templates/myquds_ibnbadis/SHimages/usericon0.png:0
[ 2666017ms] [ERROR] Failed to load resource: net::ERR_NAME_NOT_RESOLVED @ https://ahgsites.earabics.com/AppsDZlast/Icons/IZP0A16D.gif:0
[ 2727671ms] [ERROR]  Error: Code 5xx
    at submitForms (https://dev.ibnbadis.org/exp_entry.php?site_id=4&paper=PS4E20A&ULang=AR&TLang=EN&ILang=AR&nfw9=1&page=40&npage=40&mbr=26:2970:30)
    at async HTMLButtonElement.<anonymous> (https://dev.ibnbadis.org/exp_entry.php?site_id=4&paper=PS4E20A&ULang=AR&TLang=EN&ILang=AR&nfw9=1&page=40&npage=40&mbr=26:399:21) @ https://dev.ibnbadis.org/exp_entry.php?site_id=4&paper=PS4E20A&ULang=AR&TLang=EN&ILang=AR&nfw9=1&page=40&npage=40&mbr=26:2974
[ 2727671ms] [ERROR] There was an error while saving the data. @ https://dev.ibnbadis.org/exp_entry.php?site_id=4&paper=PS4E20A&ULang=AR&TLang=EN&ILang=AR&nfw9=1&page=40&npage=40&mbr=26:403
[ 2809728ms] [ERROR]  Error: Code 5xx
    at submitForms (https://dev.ibnbadis.org/exp_entry.php?site_id=4&paper=PS4E20A&ULang=AR&TLang=EN&ILang=AR&nfw9=1&page=41&npage=41&mbr=26:2970:30)
    at async HTMLButtonElement.<anonymous> (https://dev.ibnbadis.org/exp_entry.php?site_id=4&paper=PS4E20A&ULang=AR&TLang=EN&ILang=AR&nfw9=1&page=41&npage=41&mbr=26:399:21) @ https://dev.ibnbadis.org/exp_entry.php?site_id=4&paper=PS4E20A&ULang=AR&TLang=EN&ILang=AR&nfw9=1&page=41&npage=41&mbr=26:2974
[ 2809729ms] [ERROR] There was an error while saving the data. @ https://dev.ibnbadis.org/exp_entry.php?site_id=4&paper=PS4E20A&ULang=AR&TLang=EN&ILang=AR&nfw9=1&page=41&npage=41&mbr=26:403
[ 2855225ms] [ERROR]  Error: Code 5xx
    at submitForms (https://dev.ibnbadis.org/exp_entry.php?site_id=4&paper=PS4E20A&ULang=AR&TLang=EN&ILang=AR&nfw9=1&page=42&npage=42&mbr=26:2970:30)
    at async HTMLButtonElement.<anonymous> (https://dev.ibnbadis.org/exp_entry.php?site_id=4&paper=PS4E20A&ULang=AR&TLang=EN&ILang=AR&nfw9=1&page=42&npage=42&mbr=26:399:21) @ https://dev.ibnbadis.org/exp_entry.php?site_id=4&paper=PS4E20A&ULang=AR&TLang=EN&ILang=AR&nfw9=1&page=42&npage=42&mbr=26:2974
[ 2855225ms] [ERROR] There was an error while saving the data. @ https://dev.ibnbadis.org/exp_entry.php?site_id=4&paper=PS4E20A&ULang=AR&TLang=EN&ILang=AR&nfw9=1&page=42&npage=42&mbr=26:403
[ 2953260ms] [ERROR] Failed to load resource: net::ERR_NAME_NOT_RESOLVED @ https://res4sites/templates/myquds_ibnbadis/SHimages/usericon0.png:0
[ 2956010ms] [ERROR] Failed to load resource: net::ERR_NAME_NOT_RESOLVED @ https://ahgsites.earabics.com/AppsDZlast/Icons/IZP0A16D.gif:0
[ 2980608ms] [ERROR]  Error: Code 5xx
    at submitForms (https://dev.ibnbadis.org/exp_entry.php?site_id=4&paper=PS4E20A&ULang=AR&TLang=EN&ILang=AR&nfw9=1&page=43&npage=43&mbr=26:2970:30)
    at async HTMLButtonElement.<anonymous> (https://dev.ibnbadis.org/exp_entry.php?site_id=4&paper=PS4E20A&ULang=AR&TLang=EN&ILang=AR&nfw9=1&page=43&npage=43&mbr=26:399:21) @ https://dev.ibnbadis.org/exp_entry.php?site_id=4&paper=PS4E20A&ULang=AR&TLang=EN&ILang=AR&nfw9=1&page=43&npage=43&mbr=26:2974
[ 2980609ms] [ERROR] There was an error while saving the data. @ https://dev.ibnbadis.org/exp_entry.php?site_id=4&paper=PS4E20A&ULang=AR&TLang=EN&ILang=AR&nfw9=1&page=43&npage=43&mbr=26:403
[ 3053744ms] [ERROR]  Error: Code 5xx
    at submitForms (https://dev.ibnbadis.org/exp_entry.php?site_id=4&paper=PS4E20A&ULang=AR&TLang=EN&ILang=AR&nfw9=1&page=44&npage=44&mbr=26:2970:30)
    at async HTMLButtonElement.<anonymous> (https://dev.ibnbadis.org/exp_entry.php?site_id=4&paper=PS4E20A&ULang=AR&TLang=EN&ILang=AR&nfw9=1&page=44&npage=44&mbr=26:399:21) @ https://dev.ibnbadis.org/exp_entry.php?site_id=4&paper=PS4E20A&ULang=AR&TLang=EN&ILang=AR&nfw9=1&page=44&npage=44&mbr=26:2974
[ 3053745ms] [ERROR] There was an error while saving the data. @ https://dev.ibnbadis.org/exp_entry.php?site_id=4&paper=PS4E20A&ULang=AR&TLang=EN&ILang=AR&nfw9=1&page=44&npage=44&mbr=26:403
[ 3139118ms] [ERROR]  Error: Code 5xx
    at submitForms (https://dev.ibnbadis.org/exp_entry.php?site_id=4&paper=PS4E20A&ULang=AR&TLang=EN&ILang=AR&nfw9=1&page=45&npage=45&mbr=26:2970:30)
    at async HTMLButtonElement.<anonymous> (https://dev.ibnbadis.org/exp_entry.php?site_id=4&paper=PS4E20A&ULang=AR&TLang=EN&ILang=AR&nfw9=1&page=45&npage=45&mbr=26:399:21) @ https://dev.ibnbadis.org/exp_entry.php?site_id=4&paper=PS4E20A&ULang=AR&TLang=EN&ILang=AR&nfw9=1&page=45&npage=45&mbr=26:2974
[ 3139119ms] [ERROR] There was an error while saving the data. @ https://dev.ibnbadis.org/exp_entry.php?site_id=4&paper=PS4E20A&ULang=AR&TLang=EN&ILang=AR&nfw9=1&page=45&npage=45&mbr=26:403
[ 3190027ms] [ERROR] Failed to load resource: net::ERR_NAME_NOT_RESOLVED @ https://res4sites/templates/myquds_ibnbadis/SHimages/usericon0.png:0
[ 3192607ms] [ERROR] Failed to load resource: net::ERR_NAME_NOT_RESOLVED @ https://ahgsites.earabics.com/AppsDZlast/Icons/IZP0A16D.gif:0
[ 3213505ms] [ERROR]  Error: Code 5xx
    at submitForms (https://dev.ibnbadis.org/exp_entry.php?site_id=4&paper=PS4E20A&ULang=AR&TLang=EN&ILang=AR&nfw9=1&page=46&npage=46&mbr=26:2970:30)
    at async HTMLButtonElement.<anonymous> (https://dev.ibnbadis.org/exp_entry.php?site_id=4&paper=PS4E20A&ULang=AR&TLang=EN&ILang=AR&nfw9=1&page=46&npage=46&mbr=26:399:21) @ https://dev.ibnbadis.org/exp_entry.php?site_id=4&paper=PS4E20A&ULang=AR&TLang=EN&ILang=AR&nfw9=1&page=46&npage=46&mbr=26:2974
[ 3213505ms] [ERROR] There was an error while saving the data. @ https://dev.ibnbadis.org/exp_entry.php?site_id=4&paper=PS4E20A&ULang=AR&TLang=EN&ILang=AR&nfw9=1&page=46&npage=46&mbr=26:403
[ 3261413ms] ReferenceError: changeDataType is not defined
    at HTMLDivElement.onclick (https://dev.ibnbadis.org/exp_entry.php?site_id=4&paper=PS4E20A&ULang=AR&TLang=EN&ILang=AR&nfw9=1&page=47&npage=47&mbr=26:380:137)
[ 3268944ms] [ERROR]  Error: Code 5xx
    at submitForms (https://dev.ibnbadis.org/exp_entry.php?site_id=4&paper=PS4E20A&ULang=AR&TLang=EN&ILang=AR&nfw9=1&page=47&npage=47&mbr=26:2970:30)
    at async HTMLButtonElement.<anonymous> (https://dev.ibnbadis.org/exp_entry.php?site_id=4&paper=PS4E20A&ULang=AR&TLang=EN&ILang=AR&nfw9=1&page=47&npage=47&mbr=26:399:21) @ https://dev.ibnbadis.org/exp_entry.php?site_id=4&paper=PS4E20A&ULang=AR&TLang=EN&ILang=AR&nfw9=1&page=47&npage=47&mbr=26:2974
[ 3268944ms] [ERROR] There was an error while saving the data. @ https://dev.ibnbadis.org/exp_entry.php?site_id=4&paper=PS4E20A&ULang=AR&TLang=EN&ILang=AR&nfw9=1&page=47&npage=47&mbr=26:403
[ 3322537ms] [ERROR]  Error: Code 5xx
    at submitForms (https://dev.ibnbadis.org/exp_entry.php?site_id=4&paper=PS4E20A&ULang=AR&TLang=EN&ILang=AR&nfw9=1&page=48&npage=48&mbr=26:2970:30)
    at async HTMLButtonElement.<anonymous> (https://dev.ibnbadis.org/exp_entry.php?site_id=4&paper=PS4E20A&ULang=AR&TLang=EN&ILang=AR&nfw9=1&page=48&npage=48&mbr=26:399:21) @ https://dev.ibnbadis.org/exp_entry.php?site_id=4&paper=PS4E20A&ULang=AR&TLang=EN&ILang=AR&nfw9=1&page=48&npage=48&mbr=26:2974
[ 3322537ms] [ERROR] There was an error while saving the data. @ https://dev.ibnbadis.org/exp_entry.php?site_id=4&paper=PS4E20A&ULang=AR&TLang=EN&ILang=AR&nfw9=1&page=48&npage=48&mbr=26:403
[ 3369162ms] [ERROR] Failed to load resource: net::ERR_NAME_NOT_RESOLVED @ https://res4sites/templates/myquds_ibnbadis/SHimages/usericon0.png:0
[ 3371732ms] [ERROR] Failed to load resource: net::ERR_NAME_NOT_RESOLVED @ https://ahgsites.earabics.com/AppsDZlast/Icons/IZP0A16D.gif:0
[ 3386054ms] ReferenceError: changeDataType is not defined
    at HTMLDivElement.onclick (https://dev.ibnbadis.org/exp_entry.php?site_id=4&paper=PS4E20A&ULang=AR&TLang=EN&ILang=AR&nfw9=1&page=49&npage=49&mbr=26:380:137)
[ 3387200ms] ReferenceError: submitForms is not defined
    at HTMLButtonElement.<anonymous> (https://dev.ibnbadis.org/exp_entry.php?site_id=4&paper=PS4E20A&ULang=AR&TLang=EN&ILang=AR&nfw9=1&page=49&npage=49&mbr=26:396:21)
[ 3440634ms] [ERROR]  Error: Code 5xx
    at submitForms (https://dev.ibnbadis.org/exp_entry.php?site_id=4&paper=PS4E20A&ULang=AR&TLang=EN&ILang=AR&nfw9=1&page=50&npage=50&mbr=26:2970:30)
    at async HTMLButtonElement.<anonymous> (https://dev.ibnbadis.org/exp_entry.php?site_id=4&paper=PS4E20A&ULang=AR&TLang=EN&ILang=AR&nfw9=1&page=50&npage=50&mbr=26:399:21) @ https://dev.ibnbadis.org/exp_entry.php?site_id=4&paper=PS4E20A&ULang=AR&TLang=EN&ILang=AR&nfw9=1&page=50&npage=50&mbr=26:2974
[ 3440634ms] [ERROR] There was an error while saving the data. @ https://dev.ibnbadis.org/exp_entry.php?site_id=4&paper=PS4E20A&ULang=AR&TLang=EN&ILang=AR&nfw9=1&page=50&npage=50&mbr=26:403
[ 3491368ms] ReferenceError: changeDataType is not defined
    at HTMLDivElement.onclick (https://dev.ibnbadis.org/exp_entry.php?site_id=4&paper=PS4E20A&ULang=AR&TLang=EN&ILang=AR&nfw9=1&page=51&npage=51&mbr=26:380:137)
[ 3492684ms] [ERROR]  Error: Code 5xx
    at submitForms (https://dev.ibnbadis.org/exp_entry.php?site_id=4&paper=PS4E20A&ULang=AR&TLang=EN&ILang=AR&nfw9=1&page=51&npage=51&mbr=26:2970:30)
    at async HTMLButtonElement.<anonymous> (https://dev.ibnbadis.org/exp_entry.php?site_id=4&paper=PS4E20A&ULang=AR&TLang=EN&ILang=AR&nfw9=1&page=51&npage=51&mbr=26:399:21) @ https://dev.ibnbadis.org/exp_entry.php?site_id=4&paper=PS4E20A&ULang=AR&TLang=EN&ILang=AR&nfw9=1&page=51&npage=51&mbr=26:2974
[ 3492684ms] [ERROR] There was an error while saving the data. @ https://dev.ibnbadis.org/exp_entry.php?site_id=4&paper=PS4E20A&ULang=AR&TLang=EN&ILang=AR&nfw9=1&page=51&npage=51&mbr=26:403
[ 3543501ms] [ERROR] Failed to load resource: net::ERR_NAME_NOT_RESOLVED @ https://res4sites/templates/myquds_ibnbadis/SHimages/usericon0.png:0
[ 3546258ms] [ERROR] Failed to load resource: net::ERR_NAME_NOT_RESOLVED @ https://ahgsites.earabics.com/AppsDZlast/Icons/IZP0A16D.gif:0
[ 3568367ms] [ERROR]  Error: Code 5xx
    at submitForms (https://dev.ibnbadis.org/exp_entry.php?site_id=4&paper=PS4E20A&ULang=AR&TLang=EN&ILang=AR&nfw9=1&page=52&npage=52&mbr=26:2970:30)
    at async HTMLButtonElement.<anonymous> (https://dev.ibnbadis.org/exp_entry.php?site_id=4&paper=PS4E20A&ULang=AR&TLang=EN&ILang=AR&nfw9=1&page=52&npage=52&mbr=26:399:21) @ https://dev.ibnbadis.org/exp_entry.php?site_id=4&paper=PS4E20A&ULang=AR&TLang=EN&ILang=AR&nfw9=1&page=52&npage=52&mbr=26:2974
[ 3568368ms] [ERROR] There was an error while saving the data. @ https://dev.ibnbadis.org/exp_entry.php?site_id=4&paper=PS4E20A&ULang=AR&TLang=EN&ILang=AR&nfw9=1&page=52&npage=52&mbr=26:403
[ 3623691ms] [ERROR]  Error: Code 5xx
    at submitForms (https://dev.ibnbadis.org/exp_entry.php?site_id=4&paper=PS4E20A&ULang=AR&TLang=EN&ILang=AR&nfw9=1&page=53&npage=53&mbr=26:2970:30)
    at async HTMLButtonElement.<anonymous> (https://dev.ibnbadis.org/exp_entry.php?site_id=4&paper=PS4E20A&ULang=AR&TLang=EN&ILang=AR&nfw9=1&page=53&npage=53&mbr=26:399:21) @ https://dev.ibnbadis.org/exp_entry.php?site_id=4&paper=PS4E20A&ULang=AR&TLang=EN&ILang=AR&nfw9=1&page=53&npage=53&mbr=26:2974
[ 3623691ms] [ERROR] There was an error while saving the data. @ https://dev.ibnbadis.org/exp_entry.php?site_id=4&paper=PS4E20A&ULang=AR&TLang=EN&ILang=AR&nfw9=1&page=53&npage=53&mbr=26:403
[ 3671474ms] [ERROR]  Error: Code 5xx
    at submitForms (https://dev.ibnbadis.org/exp_entry.php?site_id=4&paper=PS4E20A&ULang=AR&TLang=EN&ILang=AR&nfw9=1&page=54&npage=54&mbr=26:2970:30)
    at async HTMLButtonElement.<anonymous> (https://dev.ibnbadis.org/exp_entry.php?site_id=4&paper=PS4E20A&ULang=AR&TLang=EN&ILang=AR&nfw9=1&page=54&npage=54&mbr=26:399:21) @ https://dev.ibnbadis.org/exp_entry.php?site_id=4&paper=PS4E20A&ULang=AR&TLang=EN&ILang=AR&nfw9=1&page=54&npage=54&mbr=26:2974
[ 3671474ms] [ERROR] There was an error while saving the data. @ https://dev.ibnbadis.org/exp_entry.php?site_id=4&paper=PS4E20A&ULang=AR&TLang=EN&ILang=AR&nfw9=1&page=54&npage=54&mbr=26:403
[ 3710776ms] [ERROR] Failed to load resource: net::ERR_NAME_NOT_RESOLVED @ https://res4sites/templates/myquds_ibnbadis/SHimages/usericon0.png:0
[ 3713930ms] [ERROR] Failed to load resource: net::ERR_NAME_NOT_RESOLVED @ https://ahgsites.earabics.com/AppsDZlast/Icons/IZP0A16D.gif:0
[ 3744701ms] [ERROR]  Error: Code 5xx
    at submitForms (https://dev.ibnbadis.org/exp_entry.php?site_id=4&paper=PS4E20A&ULang=AR&TLang=EN&ILang=AR&nfw9=1&page=55&npage=55&mbr=26:2970:30)
    at async HTMLButtonElement.<anonymous> (https://dev.ibnbadis.org/exp_entry.php?site_id=4&paper=PS4E20A&ULang=AR&TLang=EN&ILang=AR&nfw9=1&page=55&npage=55&mbr=26:399:21) @ https://dev.ibnbadis.org/exp_entry.php?site_id=4&paper=PS4E20A&ULang=AR&TLang=EN&ILang=AR&nfw9=1&page=55&npage=55&mbr=26:2974
[ 3744702ms] [ERROR] There was an error while saving the data. @ https://dev.ibnbadis.org/exp_entry.php?site_id=4&paper=PS4E20A&ULang=AR&TLang=EN&ILang=AR&nfw9=1&page=55&npage=55&mbr=26:403
[ 3798285ms] [ERROR]  Error: Code 5xx
    at submitForms (https://dev.ibnbadis.org/exp_entry.php?site_id=4&paper=PS4E20A&ULang=AR&TLang=EN&ILang=AR&nfw9=1&page=56&npage=56&mbr=26:2970:30)
    at async HTMLButtonElement.<anonymous> (https://dev.ibnbadis.org/exp_entry.php?site_id=4&paper=PS4E20A&ULang=AR&TLang=EN&ILang=AR&nfw9=1&page=56&npage=56&mbr=26:399:21) @ https://dev.ibnbadis.org/exp_entry.php?site_id=4&paper=PS4E20A&ULang=AR&TLang=EN&ILang=AR&nfw9=1&page=56&npage=56&mbr=26:2974
[ 3798286ms] [ERROR] There was an error while saving the data. @ https://dev.ibnbadis.org/exp_entry.php?site_id=4&paper=PS4E20A&ULang=AR&TLang=EN&ILang=AR&nfw9=1&page=56&npage=56&mbr=26:403
[ 3838816ms] [ERROR]  Error: Code 5xx
    at submitForms (https://dev.ibnbadis.org/exp_entry.php?site_id=4&paper=PS4E20A&ULang=AR&TLang=EN&ILang=AR&nfw9=1&page=57&npage=57&mbr=26:2970:30)
    at async HTMLButtonElement.<anonymous> (https://dev.ibnbadis.org/exp_entry.php?site_id=4&paper=PS4E20A&ULang=AR&TLang=EN&ILang=AR&nfw9=1&page=57&npage=57&mbr=26:399:21) @ https://dev.ibnbadis.org/exp_entry.php?site_id=4&paper=PS4E20A&ULang=AR&TLang=EN&ILang=AR&nfw9=1&page=57&npage=57&mbr=26:2974
[ 3838816ms] [ERROR] There was an error while saving the data. @ https://dev.ibnbadis.org/exp_entry.php?site_id=4&paper=PS4E20A&ULang=AR&TLang=EN&ILang=AR&nfw9=1&page=57&npage=57&mbr=26:403
[ 3885858ms] [ERROR] Failed to load resource: net::ERR_NAME_NOT_RESOLVED @ https://res4sites/templates/myquds_ibnbadis/SHimages/usericon0.png:0
[ 3888648ms] [ERROR] Failed to load resource: net::ERR_NAME_NOT_RESOLVED @ https://ahgsites.earabics.com/AppsDZlast/Icons/IZP0A16D.gif:0
[ 3913757ms] [ERROR]  Error: Code 5xx
    at submitForms (https://dev.ibnbadis.org/exp_entry.php?site_id=4&paper=PS4E20A&ULang=AR&TLang=EN&ILang=AR&nfw9=1&page=58&npage=58&mbr=26:2970:30)
    at async HTMLButtonElement.<anonymous> (https://dev.ibnbadis.org/exp_entry.php?site_id=4&paper=PS4E20A&ULang=AR&TLang=EN&ILang=AR&nfw9=1&page=58&npage=58&mbr=26:399:21) @ https://dev.ibnbadis.org/exp_entry.php?site_id=4&paper=PS4E20A&ULang=AR&TLang=EN&ILang=AR&nfw9=1&page=58&npage=58&mbr=26:2974
[ 3913757ms] [ERROR] There was an error while saving the data. @ https://dev.ibnbadis.org/exp_entry.php?site_id=4&paper=PS4E20A&ULang=AR&TLang=EN&ILang=AR&nfw9=1&page=58&npage=58&mbr=26:403
[ 3961297ms] ReferenceError: changeDataType is not defined
    at HTMLDivElement.onclick (https://dev.ibnbadis.org/exp_entry.php?site_id=4&paper=PS4E20A&ULang=AR&TLang=EN&ILang=AR&nfw9=1&page=59&npage=59&mbr=26:380:137)
[ 3962697ms] [ERROR]  Error: Code 5xx
    at submitForms (https://dev.ibnbadis.org/exp_entry.php?site_id=4&paper=PS4E20A&ULang=AR&TLang=EN&ILang=AR&nfw9=1&page=59&npage=59&mbr=26:2970:30)
    at async HTMLButtonElement.<anonymous> (https://dev.ibnbadis.org/exp_entry.php?site_id=4&paper=PS4E20A&ULang=AR&TLang=EN&ILang=AR&nfw9=1&page=59&npage=59&mbr=26:399:21) @ https://dev.ibnbadis.org/exp_entry.php?site_id=4&paper=PS4E20A&ULang=AR&TLang=EN&ILang=AR&nfw9=1&page=59&npage=59&mbr=26:2974
[ 3962697ms] [ERROR] There was an error while saving the data. @ https://dev.ibnbadis.org/exp_entry.php?site_id=4&paper=PS4E20A&ULang=AR&TLang=EN&ILang=AR&nfw9=1&page=59&npage=59&mbr=26:403
[ 4010819ms] [ERROR]  Error: Code 5xx
    at submitForms (https://dev.ibnbadis.org/exp_entry.php?site_id=4&paper=PS4E20A&ULang=AR&TLang=EN&ILang=AR&nfw9=1&page=60&npage=60&mbr=26:2970:30)
    at async HTMLButtonElement.<anonymous> (https://dev.ibnbadis.org/exp_entry.php?site_id=4&paper=PS4E20A&ULang=AR&TLang=EN&ILang=AR&nfw9=1&page=60&npage=60&mbr=26:399:21) @ https://dev.ibnbadis.org/exp_entry.php?site_id=4&paper=PS4E20A&ULang=AR&TLang=EN&ILang=AR&nfw9=1&page=60&npage=60&mbr=26:2974
[ 4010819ms] [ERROR] There was an error while saving the data. @ https://dev.ibnbadis.org/exp_entry.php?site_id=4&paper=PS4E20A&ULang=AR&TLang=EN&ILang=AR&nfw9=1&page=60&npage=60&mbr=26:403
[ 4054262ms] [ERROR]  Error: Code 5xx
    at submitForms (https://dev.ibnbadis.org/exp_entry.php?site_id=4&paper=PS4E20A&ULang=AR&TLang=EN&ILang=AR&nfw9=1&page=61&npage=61&mbr=26:2970:30)
    at async HTMLButtonElement.<anonymous> (https://dev.ibnbadis.org/exp_entry.php?site_id=4&paper=PS4E20A&ULang=AR&TLang=EN&ILang=AR&nfw9=1&page=61&npage=61&mbr=26:399:21) @ https://dev.ibnbadis.org/exp_entry.php?site_id=4&paper=PS4E20A&ULang=AR&TLang=EN&ILang=AR&nfw9=1&page=61&npage=61&mbr=26:2974
[ 4054262ms] [ERROR] There was an error while saving the data. @ https://dev.ibnbadis.org/exp_entry.php?site_id=4&paper=PS4E20A&ULang=AR&TLang=EN&ILang=AR&nfw9=1&page=61&npage=61&mbr=26:403
[ 4090843ms] [ERROR] Failed to load resource: net::ERR_NAME_NOT_RESOLVED @ https://res4sites/templates/myquds_ibnbadis/SHimages/usericon0.png:0
[ 4093725ms] [ERROR] Failed to load resource: net::ERR_NAME_NOT_RESOLVED @ https://ahgsites.earabics.com/AppsDZlast/Icons/IZP0A16D.gif:0
[ 4108018ms] [ERROR]  Error: Code 5xx
    at submitForms (https://dev.ibnbadis.org/exp_entry.php?site_id=4&paper=PS4E20A&ULang=AR&TLang=EN&ILang=AR&nfw9=1&page=62&npage=62&mbr=26:2970:30)
    at async HTMLButtonElement.<anonymous> (https://dev.ibnbadis.org/exp_entry.php?site_id=4&paper=PS4E20A&ULang=AR&TLang=EN&ILang=AR&nfw9=1&page=62&npage=62&mbr=26:399:21) @ https://dev.ibnbadis.org/exp_entry.php?site_id=4&paper=PS4E20A&ULang=AR&TLang=EN&ILang=AR&nfw9=1&page=62&npage=62&mbr=26:2974
[ 4108018ms] [ERROR] There was an error while saving the data. @ https://dev.ibnbadis.org/exp_entry.php?site_id=4&paper=PS4E20A&ULang=AR&TLang=EN&ILang=AR&nfw9=1&page=62&npage=62&mbr=26:403
[ 4154242ms] [ERROR]  Error: Code 5xx
    at submitForms (https://dev.ibnbadis.org/exp_entry.php?site_id=4&paper=PS4E20A&ULang=AR&TLang=EN&ILang=AR&nfw9=1&page=63&npage=63&mbr=26:2970:30)
    at async HTMLButtonElement.<anonymous> (https://dev.ibnbadis.org/exp_entry.php?site_id=4&paper=PS4E20A&ULang=AR&TLang=EN&ILang=AR&nfw9=1&page=63&npage=63&mbr=26:399:21) @ https://dev.ibnbadis.org/exp_entry.php?site_id=4&paper=PS4E20A&ULang=AR&TLang=EN&ILang=AR&nfw9=1&page=63&npage=63&mbr=26:2974
[ 4154242ms] [ERROR] There was an error while saving the data. @ https://dev.ibnbadis.org/exp_entry.php?site_id=4&paper=PS4E20A&ULang=AR&TLang=EN&ILang=AR&nfw9=1&page=63&npage=63&mbr=26:403
[ 4191018ms] [ERROR] Failed to load resource: net::ERR_NAME_NOT_RESOLVED @ https://res4sites/templates/myquds_ibnbadis/SHimages/usericon0.png:0
[ 4193994ms] [ERROR] Failed to load resource: net::ERR_NAME_NOT_RESOLVED @ https://ahgsites.earabics.com/AppsDZlast/Icons/IZP0A16D.gif:0
[ 4208931ms] [ERROR]  Error: Code 5xx
    at submitForms (https://dev.ibnbadis.org/exp_entry.php?site_id=4&paper=PS4E20A&ULang=AR&TLang=EN&ILang=AR&nfw9=1&page=64&npage=64&mbr=26:2970:30)
    at async HTMLButtonElement.<anonymous> (https://dev.ibnbadis.org/exp_entry.php?site_id=4&paper=PS4E20A&ULang=AR&TLang=EN&ILang=AR&nfw9=1&page=64&npage=64&mbr=26:399:21) @ https://dev.ibnbadis.org/exp_entry.php?site_id=4&paper=PS4E20A&ULang=AR&TLang=EN&ILang=AR&nfw9=1&page=64&npage=64&mbr=26:2974
[ 4208931ms] [ERROR] There was an error while saving the data. @ https://dev.ibnbadis.org/exp_entry.php?site_id=4&paper=PS4E20A&ULang=AR&TLang=EN&ILang=AR&nfw9=1&page=64&npage=64&mbr=26:403
