[    1027ms] ReferenceError: ddmegamenu is not defined
    at https://myquds.ibnbadis.org/login.php?ahg=2:1477:2
[    1047ms] TypeError: $(...).scrollToFixed is not a function
    at HTMLDocument.<anonymous> (https://myquds.ibnbadis.org/login.php?ahg=2:5262:34)
    at Object.resolveWith (https://myquds.ibnbadis.org/jscripts/infusion/InfusionAll.js:16:12559)
    at jQuery.ready (https://myquds.ibnbadis.org/jscripts/infusion/InfusionAll.js:16:5061)
    at HTMLDocument.DOMContentLoaded (https://myquds.ibnbadis.org/jscripts/infusion/InfusionAll.js:16:11516)
[    1077ms] TypeError: Cannot read properties of null (reading 'style')
    at HTMLDocument.<anonymous> (https://myquds.ibnbadis.org/login.php?ahg=2:2838:42)
[    1093ms] [VERBOSE] [DOM] Input elements should have autocomplete attributes (suggested: "current-password"): (More info: https://goo.gl/9p2vKq) %o @ https://myquds.ibnbadis.org/login.php?ahg=2:0
[    1532ms] ReferenceError: ddmegamenu is not defined
    at https://myquds.ibnbadis.org/login.php?ahg=2:1085:9
[   12652ms] TypeError: Cannot read properties of null (reading 'style')
    at ddpanel.initpanel (https://myquds.ibnbadis.org/includeahg/js/dddropdownpanel.js:118:11)
    at https://myquds.ibnbadis.org/includeahg/js/dddropdownpanel.js:24:50
[   22370ms] [ERROR] Failed to load resource: net::ERR_NAME_NOT_RESOLVED @ https://res4sites/templates/myquds_ibnbadis/SHimages/usericon0.png:0
[   25253ms] [ERROR] Failed to load resource: net::ERR_NAME_NOT_RESOLVED @ https://ahgsites.earabics.com/AppsDZlast/Icons/IZP0A16D.gif:0
[   78410ms] [ERROR] Failed to load resource: net::ERR_NAME_NOT_RESOLVED @ https://res4sites/templates/myquds_ibnbadis/SHimages/usericon0.png:0
[   80917ms] [ERROR] Failed to load resource: net::ERR_NAME_NOT_RESOLVED @ https://ahgsites.earabics.com/AppsDZlast/Icons/IZP0A16D.gif:0
[  563432ms] [ERROR] Failed to load resource: net::ERR_NAME_NOT_RESOLVED @ https://res4sites/templates/myquds_ibnbadis/SHimages/usericon0.png:0
[  566202ms] [ERROR] Failed to load resource: net::ERR_NAME_NOT_RESOLVED @ https://ahgsites.earabics.com/AppsDZlast/Icons/IZP0A16D.gif:0
[  775907ms] [ERROR] Failed to load resource: net::ERR_NAME_NOT_RESOLVED @ https://res4sites/templates/myquds_ibnbadis/SHimages/usericon0.png:0
[  778659ms] [ERROR] Failed to load resource: net::ERR_NAME_NOT_RESOLVED @ https://ahgsites.earabics.com/AppsDZlast/Icons/IZP0A16D.gif:0
[  947262ms] [ERROR] Failed to load resource: net::ERR_NAME_NOT_RESOLVED @ https://res4sites/templates/myquds_ibnbadis/SHimages/usericon0.png:0
[  949639ms] [ERROR] Failed to load resource: net::ERR_NAME_NOT_RESOLVED @ https://ahgsites.earabics.com/AppsDZlast/Icons/IZP0A16D.gif:0
[ 1249061ms] [ERROR] Failed to load resource: net::ERR_NAME_NOT_RESOLVED @ https://res4sites/templates/myquds_ibnbadis/SHimages/usericon0.png:0
[ 1251672ms] [ERROR] Failed to load resource: net::ERR_NAME_NOT_RESOLVED @ https://ahgsites.earabics.com/AppsDZlast/Icons/IZP0A16D.gif:0
[ 1487227ms] [ERROR] Failed to load resource: net::ERR_NAME_NOT_RESOLVED @ https://res4sites/templates/myquds_ibnbadis/SHimages/usericon0.png:0
[ 1489818ms] [ERROR] Failed to load resource: net::ERR_NAME_NOT_RESOLVED @ https://ahgsites.earabics.com/AppsDZlast/Icons/IZP0A16D.gif:0
[ 1685535ms] [ERROR] Failed to load resource: net::ERR_NAME_NOT_RESOLVED @ https://res4sites/templates/myquds_ibnbadis/SHimages/usericon0.png:0
[ 1688388ms] [ERROR] Failed to load resource: net::ERR_NAME_NOT_RESOLVED @ https://ahgsites.earabics.com/AppsDZlast/Icons/IZP0A16D.gif:0
[ 1755436ms] [ERROR]  Error: Code 5xx
    at submitForms (https://dev.ibnbadis.org/exp_entry.php?site_id=4&paper=PS4E20A&ULang=AR&TLang=EN&ILang=AR&nfw9=1&page=23&npage=23&mbr=26:2970:30)
    at async HTMLButtonElement.<anonymous> (https://dev.ibnbadis.org/exp_entry.php?site_id=4&paper=PS4E20A&ULang=AR&TLang=EN&ILang=AR&nfw9=1&page=23&npage=23&mbr=26:399:21) @ https://dev.ibnbadis.org/exp_entry.php?site_id=4&paper=PS4E20A&ULang=AR&TLang=EN&ILang=AR&nfw9=1&page=23&npage=23&mbr=26:2974
[ 1755437ms] [ERROR] There was an error while saving the data. @ https://dev.ibnbadis.org/exp_entry.php?site_id=4&paper=PS4E20A&ULang=AR&TLang=EN&ILang=AR&nfw9=1&page=23&npage=23&mbr=26:403
[ 1829455ms] [ERROR]  Error: Code 5xx
    at submitForms (https://dev.ibnbadis.org/exp_entry.php?site_id=4&paper=PS4E20A&ULang=AR&TLang=EN&ILang=AR&nfw9=1&page=24&npage=24&mbr=26:2970:30)
    at async HTMLButtonElement.<anonymous> (https://dev.ibnbadis.org/exp_entry.php?site_id=4&paper=PS4E20A&ULang=AR&TLang=EN&ILang=AR&nfw9=1&page=24&npage=24&mbr=26:399:21) @ https://dev.ibnbadis.org/exp_entry.php?site_id=4&paper=PS4E20A&ULang=AR&TLang=EN&ILang=AR&nfw9=1&page=24&npage=24&mbr=26:2974
[ 1829455ms] [ERROR] There was an error while saving the data. @ https://dev.ibnbadis.org/exp_entry.php?site_id=4&paper=PS4E20A&ULang=AR&TLang=EN&ILang=AR&nfw9=1&page=24&npage=24&mbr=26:403
[ 1906020ms] [ERROR] Failed to load resource: net::ERR_NAME_NOT_RESOLVED @ https://res4sites/templates/myquds_ibnbadis/SHimages/usericon0.png:0
[ 1908876ms] [ERROR] Failed to load resource: net::ERR_NAME_NOT_RESOLVED @ https://ahgsites.earabics.com/AppsDZlast/Icons/IZP0A16D.gif:0
[ 1950722ms] [ERROR]  Error: Code 5xx
    at submitForms (https://dev.ibnbadis.org/exp_entry.php?site_id=4&paper=PS4E20A&ULang=AR&TLang=EN&ILang=AR&nfw9=1&page=25&npage=25&mbr=26:2970:30)
    at async HTMLButtonElement.<anonymous> (https://dev.ibnbadis.org/exp_entry.php?site_id=4&paper=PS4E20A&ULang=AR&TLang=EN&ILang=AR&nfw9=1&page=25&npage=25&mbr=26:399:21) @ https://dev.ibnbadis.org/exp_entry.php?site_id=4&paper=PS4E20A&ULang=AR&TLang=EN&ILang=AR&nfw9=1&page=25&npage=25&mbr=26:2974
[ 1950722ms] [ERROR] There was an error while saving the data. @ https://dev.ibnbadis.org/exp_entry.php?site_id=4&paper=PS4E20A&ULang=AR&TLang=EN&ILang=AR&nfw9=1&page=25&npage=25&mbr=26:403
[ 2016790ms] [ERROR]  Error: Code 5xx
    at submitForms (https://dev.ibnbadis.org/exp_entry.php?site_id=4&paper=PS4E20A&ULang=AR&TLang=EN&ILang=AR&nfw9=1&page=26&npage=26&mbr=26:2970:30)
    at async HTMLButtonElement.<anonymous> (https://dev.ibnbadis.org/exp_entry.php?site_id=4&paper=PS4E20A&ULang=AR&TLang=EN&ILang=AR&nfw9=1&page=26&npage=26&mbr=26:399:21) @ https://dev.ibnbadis.org/exp_entry.php?site_id=4&paper=PS4E20A&ULang=AR&TLang=EN&ILang=AR&nfw9=1&page=26&npage=26&mbr=26:2974
[ 2016790ms] [ERROR] There was an error while saving the data. @ https://dev.ibnbadis.org/exp_entry.php?site_id=4&paper=PS4E20A&ULang=AR&TLang=EN&ILang=AR&nfw9=1&page=26&npage=26&mbr=26:403
[ 2089005ms] [ERROR]  Error: Code 5xx
    at submitForms (https://dev.ibnbadis.org/exp_entry.php?site_id=4&paper=PS4E20A&ULang=AR&TLang=EN&ILang=AR&nfw9=1&page=27&npage=27&mbr=26:2970:30)
    at async HTMLButtonElement.<anonymous> (https://dev.ibnbadis.org/exp_entry.php?site_id=4&paper=PS4E20A&ULang=AR&TLang=EN&ILang=AR&nfw9=1&page=27&npage=27&mbr=26:399:21) @ https://dev.ibnbadis.org/exp_entry.php?site_id=4&paper=PS4E20A&ULang=AR&TLang=EN&ILang=AR&nfw9=1&page=27&npage=27&mbr=26:2974
[ 2089005ms] [ERROR] There was an error while saving the data. @ https://dev.ibnbadis.org/exp_entry.php?site_id=4&paper=PS4E20A&ULang=AR&TLang=EN&ILang=AR&nfw9=1&page=27&npage=27&mbr=26:403
[ 2132211ms] [ERROR] Failed to load resource: net::ERR_NAME_NOT_RESOLVED @ https://res4sites/templates/myquds_ibnbadis/SHimages/usericon0.png:0
[ 2135072ms] [ERROR] Failed to load resource: net::ERR_NAME_NOT_RESOLVED @ https://ahgsites.earabics.com/AppsDZlast/Icons/IZP0A16D.gif:0
[ 2160334ms] [ERROR]  Error: Code 5xx
    at submitForms (https://dev.ibnbadis.org/exp_entry.php?site_id=4&paper=PS4E20A&ULang=AR&TLang=EN&ILang=AR&nfw9=1&page=28&npage=28&mbr=26:2970:30)
    at async HTMLButtonElement.<anonymous> (https://dev.ibnbadis.org/exp_entry.php?site_id=4&paper=PS4E20A&ULang=AR&TLang=EN&ILang=AR&nfw9=1&page=28&npage=28&mbr=26:399:21) @ https://dev.ibnbadis.org/exp_entry.php?site_id=4&paper=PS4E20A&ULang=AR&TLang=EN&ILang=AR&nfw9=1&page=28&npage=28&mbr=26:2974
[ 2160335ms] [ERROR] There was an error while saving the data. @ https://dev.ibnbadis.org/exp_entry.php?site_id=4&paper=PS4E20A&ULang=AR&TLang=EN&ILang=AR&nfw9=1&page=28&npage=28&mbr=26:403
[ 2299914ms] [ERROR]  Error: Code 5xx
    at submitForms (https://dev.ibnbadis.org/exp_entry.php?site_id=4&paper=PS4E20A&ULang=AR&TLang=EN&ILang=AR&nfw9=1&page=29&npage=29&mbr=26:2970:30)
    at async HTMLButtonElement.<anonymous> (https://dev.ibnbadis.org/exp_entry.php?site_id=4&paper=PS4E20A&ULang=AR&TLang=EN&ILang=AR&nfw9=1&page=29&npage=29&mbr=26:399:21) @ https://dev.ibnbadis.org/exp_entry.php?site_id=4&paper=PS4E20A&ULang=AR&TLang=EN&ILang=AR&nfw9=1&page=29&npage=29&mbr=26:2974
[ 2299915ms] [ERROR] There was an error while saving the data. @ https://dev.ibnbadis.org/exp_entry.php?site_id=4&paper=PS4E20A&ULang=AR&TLang=EN&ILang=AR&nfw9=1&page=29&npage=29&mbr=26:403
[ 2362600ms] [ERROR]  Error: Code 5xx
    at submitForms (https://dev.ibnbadis.org/exp_entry.php?site_id=4&paper=PS4E20A&ULang=AR&TLang=EN&ILang=AR&nfw9=1&page=30&npage=30&mbr=26:2970:30)
    at async HTMLButtonElement.<anonymous> (https://dev.ibnbadis.org/exp_entry.php?site_id=4&paper=PS4E20A&ULang=AR&TLang=EN&ILang=AR&nfw9=1&page=30&npage=30&mbr=26:399:21) @ https://dev.ibnbadis.org/exp_entry.php?site_id=4&paper=PS4E20A&ULang=AR&TLang=EN&ILang=AR&nfw9=1&page=30&npage=30&mbr=26:2974
[ 2362601ms] [ERROR] There was an error while saving the data. @ https://dev.ibnbadis.org/exp_entry.php?site_id=4&paper=PS4E20A&ULang=AR&TLang=EN&ILang=AR&nfw9=1&page=30&npage=30&mbr=26:403
[ 2399480ms] [ERROR] Failed to load resource: net::ERR_NAME_NOT_RESOLVED @ https://res4sites/templates/myquds_ibnbadis/SHimages/usericon0.png:0
[ 2401930ms] [ERROR] Failed to load resource: net::ERR_NAME_NOT_RESOLVED @ https://ahgsites.earabics.com/AppsDZlast/Icons/IZP0A16D.gif:0
[ 2419707ms] [ERROR]  Error: Code 5xx
    at submitForms (https://dev.ibnbadis.org/exp_entry.php?site_id=4&paper=PS4E20A&ULang=AR&TLang=EN&ILang=AR&nfw9=1&page=31&npage=31&mbr=26:2970:30)
    at async HTMLButtonElement.<anonymous> (https://dev.ibnbadis.org/exp_entry.php?site_id=4&paper=PS4E20A&ULang=AR&TLang=EN&ILang=AR&nfw9=1&page=31&npage=31&mbr=26:399:21) @ https://dev.ibnbadis.org/exp_entry.php?site_id=4&paper=PS4E20A&ULang=AR&TLang=EN&ILang=AR&nfw9=1&page=31&npage=31&mbr=26:2974
[ 2419708ms] [ERROR] There was an error while saving the data. @ https://dev.ibnbadis.org/exp_entry.php?site_id=4&paper=PS4E20A&ULang=AR&TLang=EN&ILang=AR&nfw9=1&page=31&npage=31&mbr=26:403
[ 2473852ms] [ERROR]  Error: Code 5xx
    at submitForms (https://dev.ibnbadis.org/exp_entry.php?site_id=4&paper=PS4E20A&ULang=AR&TLang=EN&ILang=AR&nfw9=1&page=32&npage=32&mbr=26:2970:30)
    at async HTMLButtonElement.<anonymous> (https://dev.ibnbadis.org/exp_entry.php?site_id=4&paper=PS4E20A&ULang=AR&TLang=EN&ILang=AR&nfw9=1&page=32&npage=32&mbr=26:399:21) @ https://dev.ibnbadis.org/exp_entry.php?site_id=4&paper=PS4E20A&ULang=AR&TLang=EN&ILang=AR&nfw9=1&page=32&npage=32&mbr=26:2974
[ 2473853ms] [ERROR] There was an error while saving the data. @ https://dev.ibnbadis.org/exp_entry.php?site_id=4&paper=PS4E20A&ULang=AR&TLang=EN&ILang=AR&nfw9=1&page=32&npage=32&mbr=26:403
[ 2475218ms] [ERROR] There was an error while saving the data. @ https://dev.ibnbadis.org/exp_entry.php?site_id=4&paper=PS4E20A&ULang=AR&TLang=EN&ILang=AR&nfw9=1&page=32&npage=32&mbr=26:403
[ 2535566ms] [ERROR]  Error: Code 5xx
    at submitForms (https://dev.ibnbadis.org/exp_entry.php?site_id=4&paper=PS4E20A&ULang=AR&TLang=EN&ILang=AR&nfw9=1&page=33&npage=33&mbr=26:2970:30)
    at async HTMLButtonElement.<anonymous> (https://dev.ibnbadis.org/exp_entry.php?site_id=4&paper=PS4E20A&ULang=AR&TLang=EN&ILang=AR&nfw9=1&page=33&npage=33&mbr=26:399:21) @ https://dev.ibnbadis.org/exp_entry.php?site_id=4&paper=PS4E20A&ULang=AR&TLang=EN&ILang=AR&nfw9=1&page=33&npage=33&mbr=26:2974
[ 2535567ms] [ERROR] There was an error while saving the data. @ https://dev.ibnbadis.org/exp_entry.php?site_id=4&paper=PS4E20A&ULang=AR&TLang=EN&ILang=AR&nfw9=1&page=33&npage=33&mbr=26:403
