[    1431ms] [ERROR] Failed to load resource: net::ERR_NAME_NOT_RESOLVED @ https://res4sites/templates/myquds_ibnbadis/SHimages/usericon0.png:0
[    4293ms] [ERROR] Failed to load resource: net::ERR_NAME_NOT_RESOLVED @ https://ahgsites.earabics.com/AppsDZlast/Icons/IZP0A16D.gif:0
[   64914ms] [ERROR]  Error: Code 5xx
    at submitForms (https://dev.ibnbadis.org/exp_entry.php?site_id=4&paper=PS5E20A&ULang=AR&TLang=EN&ILang=AR&nfw9=1&page=20&npage=20&mbr=26:2970:30)
    at async HTMLButtonElement.<anonymous> (https://dev.ibnbadis.org/exp_entry.php?site_id=4&paper=PS5E20A&ULang=AR&TLang=EN&ILang=AR&nfw9=1&page=20&npage=20&mbr=26:399:21) @ https://dev.ibnbadis.org/exp_entry.php?site_id=4&paper=PS5E20A&ULang=AR&TLang=EN&ILang=AR&nfw9=1&page=20&npage=20&mbr=26:2974
[   64914ms] [ERROR] There was an error while saving the data. @ https://dev.ibnbadis.org/exp_entry.php?site_id=4&paper=PS5E20A&ULang=AR&TLang=EN&ILang=AR&nfw9=1&page=20&npage=20&mbr=26:403
[  134541ms] [ERROR]  SyntaxError: Bad control character in string literal in JSON at position 79 (line 1 column 80) @ https://dev.ibnbadis.org/exp_entry.php?site_id=4&paper=PS5E20A&ULang=AR&TLang=EN&ILang=AR&nfw9=1&page=20&npage=20&mbr=26:2974
[  134542ms] [ERROR] There was an error while saving the data. @ https://dev.ibnbadis.org/exp_entry.php?site_id=4&paper=PS5E20A&ULang=AR&TLang=EN&ILang=AR&nfw9=1&page=20&npage=20&mbr=26:403
[  227354ms] [ERROR]  Error: Code 5xx
    at submitForms (https://dev.ibnbadis.org/exp_entry.php?site_id=4&paper=PS5E20A&ULang=AR&TLang=EN&ILang=AR&nfw9=1&page=21&npage=21&mbr=26:2970:30)
    at async HTMLButtonElement.<anonymous> (https://dev.ibnbadis.org/exp_entry.php?site_id=4&paper=PS5E20A&ULang=AR&TLang=EN&ILang=AR&nfw9=1&page=21&npage=21&mbr=26:399:21) @ https://dev.ibnbadis.org/exp_entry.php?site_id=4&paper=PS5E20A&ULang=AR&TLang=EN&ILang=AR&nfw9=1&page=21&npage=21&mbr=26:2974
[  227354ms] [ERROR] There was an error while saving the data. @ https://dev.ibnbadis.org/exp_entry.php?site_id=4&paper=PS5E20A&ULang=AR&TLang=EN&ILang=AR&nfw9=1&page=21&npage=21&mbr=26:403
[  293549ms] [ERROR]  Error: Code 5xx
    at submitForms (https://dev.ibnbadis.org/exp_entry.php?site_id=4&paper=PS5E20A&ULang=AR&TLang=EN&ILang=AR&nfw9=1&page=22&npage=22&mbr=26:2970:30)
    at async HTMLButtonElement.<anonymous> (https://dev.ibnbadis.org/exp_entry.php?site_id=4&paper=PS5E20A&ULang=AR&TLang=EN&ILang=AR&nfw9=1&page=22&npage=22&mbr=26:399:21) @ https://dev.ibnbadis.org/exp_entry.php?site_id=4&paper=PS5E20A&ULang=AR&TLang=EN&ILang=AR&nfw9=1&page=22&npage=22&mbr=26:2974
[  293549ms] [ERROR] There was an error while saving the data. @ https://dev.ibnbadis.org/exp_entry.php?site_id=4&paper=PS5E20A&ULang=AR&TLang=EN&ILang=AR&nfw9=1&page=22&npage=22&mbr=26:403
[  371637ms] [ERROR]  Error: Code 5xx
    at submitForms (https://dev.ibnbadis.org/exp_entry.php?site_id=4&paper=PS5E20A&ULang=AR&TLang=EN&ILang=AR&nfw9=1&page=23&npage=23&mbr=26:2970:30)
    at async HTMLButtonElement.<anonymous> (https://dev.ibnbadis.org/exp_entry.php?site_id=4&paper=PS5E20A&ULang=AR&TLang=EN&ILang=AR&nfw9=1&page=23&npage=23&mbr=26:399:21) @ https://dev.ibnbadis.org/exp_entry.php?site_id=4&paper=PS5E20A&ULang=AR&TLang=EN&ILang=AR&nfw9=1&page=23&npage=23&mbr=26:2974
[  371637ms] [ERROR] There was an error while saving the data. @ https://dev.ibnbadis.org/exp_entry.php?site_id=4&paper=PS5E20A&ULang=AR&TLang=EN&ILang=AR&nfw9=1&page=23&npage=23&mbr=26:403
