[    1074ms] ReferenceError: ddmegamenu is not defined
    at https://myquds.ibnbadis.org/login.php?ahg=2:1477:2
[    1095ms] TypeError: $(...).scrollToFixed is not a function
    at HTMLDocument.<anonymous> (https://myquds.ibnbadis.org/login.php?ahg=2:5262:34)
    at Object.resolveWith (https://myquds.ibnbadis.org/jscripts/infusion/InfusionAll.js:16:12559)
    at jQuery.ready (https://myquds.ibnbadis.org/jscripts/infusion/InfusionAll.js:16:5061)
    at HTMLDocument.DOMContentLoaded (https://myquds.ibnbadis.org/jscripts/infusion/InfusionAll.js:16:11516)
[    1124ms] TypeError: Cannot read properties of null (reading 'style')
    at HTMLDocument.<anonymous> (https://myquds.ibnbadis.org/login.php?ahg=2:2838:42)
[    1139ms] [VERBOSE] [DOM] Input elements should have autocomplete attributes (suggested: "current-password"): (More info: https://goo.gl/9p2vKq) %o @ https://myquds.ibnbadis.org/login.php?ahg=2:0
[    1455ms] ReferenceError: ddmegamenu is not defined
    at https://myquds.ibnbadis.org/login.php?ahg=2:1085:9
[    9699ms] TypeError: Cannot read properties of null (reading 'style')
    at ddpanel.initpanel (https://myquds.ibnbadis.org/includeahg/js/dddropdownpanel.js:118:11)
    at https://myquds.ibnbadis.org/includeahg/js/dddropdownpanel.js:24:50
[   19415ms] [ERROR] Failed to load resource: net::ERR_NAME_NOT_RESOLVED @ https://res4sites/templates/myquds_ibnbadis/SHimages/usericon0.png:0
[   22658ms] [ERROR] Failed to load resource: net::ERR_NAME_NOT_RESOLVED @ https://ahgsites.earabics.com/AppsDZlast/Icons/IZP0A16D.gif:0
[   57873ms] [ERROR] Failed to load resource: net::ERR_NAME_NOT_RESOLVED @ https://res4sites/templates/myquds_ibnbadis/SHimages/usericon0.png:0
[   60518ms] [ERROR] Failed to load resource: net::ERR_NAME_NOT_RESOLVED @ https://ahgsites.earabics.com/AppsDZlast/Icons/IZP0A16D.gif:0
[  327028ms] [ERROR] Failed to load resource: net::ERR_NAME_NOT_RESOLVED @ https://res4sites/templates/myquds_ibnbadis/SHimages/usericon0.png:0
[  329617ms] [ERROR] Failed to load resource: net::ERR_NAME_NOT_RESOLVED @ https://ahgsites.earabics.com/AppsDZlast/Icons/IZP0A16D.gif:0
[  645890ms] [ERROR] Failed to load resource: net::ERR_NAME_NOT_RESOLVED @ https://res4sites/templates/myquds_ibnbadis/SHimages/usericon0.png:0
[  648781ms] [ERROR] Failed to load resource: net::ERR_NAME_NOT_RESOLVED @ https://ahgsites.earabics.com/AppsDZlast/Icons/IZP0A16D.gif:0
[  843166ms] [ERROR] Failed to load resource: net::ERR_NAME_NOT_RESOLVED @ https://res4sites/templates/myquds_ibnbadis/SHimages/usericon0.png:0
[  845734ms] [ERROR] Failed to load resource: net::ERR_NAME_NOT_RESOLVED @ https://ahgsites.earabics.com/AppsDZlast/Icons/IZP0A16D.gif:0
[  912440ms] [ERROR]  Error: Code 5xx
    at submitForms (https://dev.ibnbadis.org/exp_entry.php?site_id=4&paper=PS4E20B&ULang=AR&TLang=EN&ILang=AR&nfw9=1&page=34&npage=34&mbr=26:2970:30)
    at async HTMLButtonElement.<anonymous> (https://dev.ibnbadis.org/exp_entry.php?site_id=4&paper=PS4E20B&ULang=AR&TLang=EN&ILang=AR&nfw9=1&page=34&npage=34&mbr=26:399:21) @ https://dev.ibnbadis.org/exp_entry.php?site_id=4&paper=PS4E20B&ULang=AR&TLang=EN&ILang=AR&nfw9=1&page=34&npage=34&mbr=26:2974
[  912440ms] [ERROR] There was an error while saving the data. @ https://dev.ibnbadis.org/exp_entry.php?site_id=4&paper=PS4E20B&ULang=AR&TLang=EN&ILang=AR&nfw9=1&page=34&npage=34&mbr=26:403
[ 1044809ms] [ERROR]  Error: Code 5xx
    at submitForms (https://dev.ibnbadis.org/exp_entry.php?site_id=4&paper=PS4E20B&ULang=AR&TLang=EN&ILang=AR&nfw9=1&page=35&npage=35&mbr=26:2970:30)
    at async HTMLButtonElement.<anonymous> (https://dev.ibnbadis.org/exp_entry.php?site_id=4&paper=PS4E20B&ULang=AR&TLang=EN&ILang=AR&nfw9=1&page=35&npage=35&mbr=26:399:21) @ https://dev.ibnbadis.org/exp_entry.php?site_id=4&paper=PS4E20B&ULang=AR&TLang=EN&ILang=AR&nfw9=1&page=35&npage=35&mbr=26:2974
[ 1044809ms] [ERROR] There was an error while saving the data. @ https://dev.ibnbadis.org/exp_entry.php?site_id=4&paper=PS4E20B&ULang=AR&TLang=EN&ILang=AR&nfw9=1&page=35&npage=35&mbr=26:403
[ 1124612ms] [ERROR]  Error: Code 5xx
    at submitForms (https://dev.ibnbadis.org/exp_entry.php?site_id=4&paper=PS4E20B&ULang=AR&TLang=EN&ILang=AR&nfw9=1&page=36&npage=36&mbr=26:2970:30)
    at async HTMLButtonElement.<anonymous> (https://dev.ibnbadis.org/exp_entry.php?site_id=4&paper=PS4E20B&ULang=AR&TLang=EN&ILang=AR&nfw9=1&page=36&npage=36&mbr=26:399:21) @ https://dev.ibnbadis.org/exp_entry.php?site_id=4&paper=PS4E20B&ULang=AR&TLang=EN&ILang=AR&nfw9=1&page=36&npage=36&mbr=26:2974
[ 1124612ms] [ERROR] There was an error while saving the data. @ https://dev.ibnbadis.org/exp_entry.php?site_id=4&paper=PS4E20B&ULang=AR&TLang=EN&ILang=AR&nfw9=1&page=36&npage=36&mbr=26:403
[ 1160471ms] [ERROR] Failed to load resource: net::ERR_NAME_NOT_RESOLVED @ https://res4sites/templates/myquds_ibnbadis/SHimages/usericon0.png:0
[ 1163194ms] [ERROR] Failed to load resource: net::ERR_NAME_NOT_RESOLVED @ https://ahgsites.earabics.com/AppsDZlast/Icons/IZP0A16D.gif:0
[ 1208248ms] [ERROR]  Error: Code 5xx
    at submitForms (https://dev.ibnbadis.org/exp_entry.php?site_id=4&paper=PS4E20B&ULang=AR&TLang=EN&ILang=AR&nfw9=1&page=37&npage=37&mbr=26:2970:30)
    at async HTMLButtonElement.<anonymous> (https://dev.ibnbadis.org/exp_entry.php?site_id=4&paper=PS4E20B&ULang=AR&TLang=EN&ILang=AR&nfw9=1&page=37&npage=37&mbr=26:399:21) @ https://dev.ibnbadis.org/exp_entry.php?site_id=4&paper=PS4E20B&ULang=AR&TLang=EN&ILang=AR&nfw9=1&page=37&npage=37&mbr=26:2974
[ 1208248ms] [ERROR] There was an error while saving the data. @ https://dev.ibnbadis.org/exp_entry.php?site_id=4&paper=PS4E20B&ULang=AR&TLang=EN&ILang=AR&nfw9=1&page=37&npage=37&mbr=26:403
[ 1277234ms] [ERROR]  Error: Code 5xx
    at submitForms (https://dev.ibnbadis.org/exp_entry.php?site_id=4&paper=PS4E20B&ULang=AR&TLang=EN&ILang=AR&nfw9=1&page=38&npage=38&mbr=26:2970:30)
    at async HTMLButtonElement.<anonymous> (https://dev.ibnbadis.org/exp_entry.php?site_id=4&paper=PS4E20B&ULang=AR&TLang=EN&ILang=AR&nfw9=1&page=38&npage=38&mbr=26:399:21) @ https://dev.ibnbadis.org/exp_entry.php?site_id=4&paper=PS4E20B&ULang=AR&TLang=EN&ILang=AR&nfw9=1&page=38&npage=38&mbr=26:2974
[ 1277234ms] [ERROR] There was an error while saving the data. @ https://dev.ibnbadis.org/exp_entry.php?site_id=4&paper=PS4E20B&ULang=AR&TLang=EN&ILang=AR&nfw9=1&page=38&npage=38&mbr=26:403
[ 1340082ms] [ERROR]  Error: Code 5xx
    at submitForms (https://dev.ibnbadis.org/exp_entry.php?site_id=4&paper=PS4E20B&ULang=AR&TLang=EN&ILang=AR&nfw9=1&page=39&npage=39&mbr=26:2970:30)
    at async HTMLButtonElement.<anonymous> (https://dev.ibnbadis.org/exp_entry.php?site_id=4&paper=PS4E20B&ULang=AR&TLang=EN&ILang=AR&nfw9=1&page=39&npage=39&mbr=26:399:21) @ https://dev.ibnbadis.org/exp_entry.php?site_id=4&paper=PS4E20B&ULang=AR&TLang=EN&ILang=AR&nfw9=1&page=39&npage=39&mbr=26:2974
[ 1340083ms] [ERROR] There was an error while saving the data. @ https://dev.ibnbadis.org/exp_entry.php?site_id=4&paper=PS4E20B&ULang=AR&TLang=EN&ILang=AR&nfw9=1&page=39&npage=39&mbr=26:403
[ 1375207ms] [ERROR] Failed to load resource: net::ERR_NAME_NOT_RESOLVED @ https://res4sites/templates/myquds_ibnbadis/SHimages/usericon0.png:0
[ 1377816ms] [ERROR] Failed to load resource: net::ERR_NAME_NOT_RESOLVED @ https://ahgsites.earabics.com/AppsDZlast/Icons/IZP0A16D.gif:0
[ 1415711ms] [ERROR]  Error: Code 5xx
    at submitForms (https://dev.ibnbadis.org/exp_entry.php?site_id=4&paper=PS4E20B&ULang=AR&TLang=EN&ILang=AR&nfw9=1&page=40&npage=40&mbr=26:2970:30)
    at async HTMLButtonElement.<anonymous> (https://dev.ibnbadis.org/exp_entry.php?site_id=4&paper=PS4E20B&ULang=AR&TLang=EN&ILang=AR&nfw9=1&page=40&npage=40&mbr=26:399:21) @ https://dev.ibnbadis.org/exp_entry.php?site_id=4&paper=PS4E20B&ULang=AR&TLang=EN&ILang=AR&nfw9=1&page=40&npage=40&mbr=26:2974
[ 1415711ms] [ERROR] There was an error while saving the data. @ https://dev.ibnbadis.org/exp_entry.php?site_id=4&paper=PS4E20B&ULang=AR&TLang=EN&ILang=AR&nfw9=1&page=40&npage=40&mbr=26:403
[ 1494348ms] [ERROR]  Error: Code 5xx
    at submitForms (https://dev.ibnbadis.org/exp_entry.php?site_id=4&paper=PS4E20B&ULang=AR&TLang=EN&ILang=AR&nfw9=1&page=41&npage=41&mbr=26:2970:30)
    at async HTMLButtonElement.<anonymous> (https://dev.ibnbadis.org/exp_entry.php?site_id=4&paper=PS4E20B&ULang=AR&TLang=EN&ILang=AR&nfw9=1&page=41&npage=41&mbr=26:399:21) @ https://dev.ibnbadis.org/exp_entry.php?site_id=4&paper=PS4E20B&ULang=AR&TLang=EN&ILang=AR&nfw9=1&page=41&npage=41&mbr=26:2974
[ 1494348ms] [ERROR] There was an error while saving the data. @ https://dev.ibnbadis.org/exp_entry.php?site_id=4&paper=PS4E20B&ULang=AR&TLang=EN&ILang=AR&nfw9=1&page=41&npage=41&mbr=26:403
[ 1583183ms] [ERROR]  Error: Code 5xx
    at submitForms (https://dev.ibnbadis.org/exp_entry.php?site_id=4&paper=PS4E20B&ULang=AR&TLang=EN&ILang=AR&nfw9=1&page=42&npage=42&mbr=26:2970:30)
    at async HTMLButtonElement.<anonymous> (https://dev.ibnbadis.org/exp_entry.php?site_id=4&paper=PS4E20B&ULang=AR&TLang=EN&ILang=AR&nfw9=1&page=42&npage=42&mbr=26:399:21) @ https://dev.ibnbadis.org/exp_entry.php?site_id=4&paper=PS4E20B&ULang=AR&TLang=EN&ILang=AR&nfw9=1&page=42&npage=42&mbr=26:2974
[ 1583183ms] [ERROR] There was an error while saving the data. @ https://dev.ibnbadis.org/exp_entry.php?site_id=4&paper=PS4E20B&ULang=AR&TLang=EN&ILang=AR&nfw9=1&page=42&npage=42&mbr=26:403
[ 1612670ms] [ERROR] Failed to load resource: net::ERR_NAME_NOT_RESOLVED @ https://res4sites/templates/myquds_ibnbadis/SHimages/usericon0.png:0
[ 1615390ms] [ERROR] Failed to load resource: net::ERR_NAME_NOT_RESOLVED @ https://ahgsites.earabics.com/AppsDZlast/Icons/IZP0A16D.gif:0
[ 1649182ms] [ERROR]  Error: Code 5xx
    at submitForms (https://dev.ibnbadis.org/exp_entry.php?site_id=4&paper=PS4E20B&ULang=AR&TLang=EN&ILang=AR&nfw9=1&page=43&npage=43&mbr=26:2970:30)
    at async HTMLButtonElement.<anonymous> (https://dev.ibnbadis.org/exp_entry.php?site_id=4&paper=PS4E20B&ULang=AR&TLang=EN&ILang=AR&nfw9=1&page=43&npage=43&mbr=26:399:21) @ https://dev.ibnbadis.org/exp_entry.php?site_id=4&paper=PS4E20B&ULang=AR&TLang=EN&ILang=AR&nfw9=1&page=43&npage=43&mbr=26:2974
[ 1649182ms] [ERROR] There was an error while saving the data. @ https://dev.ibnbadis.org/exp_entry.php?site_id=4&paper=PS4E20B&ULang=AR&TLang=EN&ILang=AR&nfw9=1&page=43&npage=43&mbr=26:403
[ 1719706ms] [ERROR]  Error: Code 5xx
    at submitForms (https://dev.ibnbadis.org/exp_entry.php?site_id=4&paper=PS4E20B&ULang=AR&TLang=EN&ILang=AR&nfw9=1&page=44&npage=44&mbr=26:2970:30)
    at async HTMLButtonElement.<anonymous> (https://dev.ibnbadis.org/exp_entry.php?site_id=4&paper=PS4E20B&ULang=AR&TLang=EN&ILang=AR&nfw9=1&page=44&npage=44&mbr=26:399:21) @ https://dev.ibnbadis.org/exp_entry.php?site_id=4&paper=PS4E20B&ULang=AR&TLang=EN&ILang=AR&nfw9=1&page=44&npage=44&mbr=26:2974
[ 1719706ms] [ERROR] There was an error while saving the data. @ https://dev.ibnbadis.org/exp_entry.php?site_id=4&paper=PS4E20B&ULang=AR&TLang=EN&ILang=AR&nfw9=1&page=44&npage=44&mbr=26:403
[ 1791349ms] [ERROR]  Error: Code 5xx
    at submitForms (https://dev.ibnbadis.org/exp_entry.php?site_id=4&paper=PS4E20B&ULang=AR&TLang=EN&ILang=AR&nfw9=1&page=45&npage=45&mbr=26:2970:30)
    at async HTMLButtonElement.<anonymous> (https://dev.ibnbadis.org/exp_entry.php?site_id=4&paper=PS4E20B&ULang=AR&TLang=EN&ILang=AR&nfw9=1&page=45&npage=45&mbr=26:399:21) @ https://dev.ibnbadis.org/exp_entry.php?site_id=4&paper=PS4E20B&ULang=AR&TLang=EN&ILang=AR&nfw9=1&page=45&npage=45&mbr=26:2974
[ 1791349ms] [ERROR] There was an error while saving the data. @ https://dev.ibnbadis.org/exp_entry.php?site_id=4&paper=PS4E20B&ULang=AR&TLang=EN&ILang=AR&nfw9=1&page=45&npage=45&mbr=26:403
[ 1823544ms] [ERROR] Failed to load resource: net::ERR_NAME_NOT_RESOLVED @ https://res4sites/templates/myquds_ibnbadis/SHimages/usericon0.png:0
[ 1826409ms] [ERROR] Failed to load resource: net::ERR_NAME_NOT_RESOLVED @ https://ahgsites.earabics.com/AppsDZlast/Icons/IZP0A16D.gif:0
[ 1877751ms] [ERROR]  Error: Code 5xx
    at submitForms (https://dev.ibnbadis.org/exp_entry.php?site_id=4&paper=PS4E20B&ULang=AR&TLang=EN&ILang=AR&nfw9=1&page=46&npage=46&mbr=26:2970:30)
    at async HTMLButtonElement.<anonymous> (https://dev.ibnbadis.org/exp_entry.php?site_id=4&paper=PS4E20B&ULang=AR&TLang=EN&ILang=AR&nfw9=1&page=46&npage=46&mbr=26:399:21) @ https://dev.ibnbadis.org/exp_entry.php?site_id=4&paper=PS4E20B&ULang=AR&TLang=EN&ILang=AR&nfw9=1&page=46&npage=46&mbr=26:2974
[ 1877751ms] [ERROR] There was an error while saving the data. @ https://dev.ibnbadis.org/exp_entry.php?site_id=4&paper=PS4E20B&ULang=AR&TLang=EN&ILang=AR&nfw9=1&page=46&npage=46&mbr=26:403
[ 1946114ms] [ERROR]  Error: Code 5xx
    at submitForms (https://dev.ibnbadis.org/exp_entry.php?site_id=4&paper=PS4E20B&ULang=AR&TLang=EN&ILang=AR&nfw9=1&page=47&npage=47&mbr=26:2970:30)
    at async HTMLButtonElement.<anonymous> (https://dev.ibnbadis.org/exp_entry.php?site_id=4&paper=PS4E20B&ULang=AR&TLang=EN&ILang=AR&nfw9=1&page=47&npage=47&mbr=26:399:21) @ https://dev.ibnbadis.org/exp_entry.php?site_id=4&paper=PS4E20B&ULang=AR&TLang=EN&ILang=AR&nfw9=1&page=47&npage=47&mbr=26:2974
[ 1946114ms] [ERROR] There was an error while saving the data. @ https://dev.ibnbadis.org/exp_entry.php?site_id=4&paper=PS4E20B&ULang=AR&TLang=EN&ILang=AR&nfw9=1&page=47&npage=47&mbr=26:403
[ 2024906ms] [ERROR]  Error: Code 5xx
    at submitForms (https://dev.ibnbadis.org/exp_entry.php?site_id=4&paper=PS4E20B&ULang=AR&TLang=EN&ILang=AR&nfw9=1&page=48&npage=48&mbr=26:2970:30)
    at async HTMLButtonElement.<anonymous> (https://dev.ibnbadis.org/exp_entry.php?site_id=4&paper=PS4E20B&ULang=AR&TLang=EN&ILang=AR&nfw9=1&page=48&npage=48&mbr=26:399:21) @ https://dev.ibnbadis.org/exp_entry.php?site_id=4&paper=PS4E20B&ULang=AR&TLang=EN&ILang=AR&nfw9=1&page=48&npage=48&mbr=26:2974
[ 2024906ms] [ERROR] There was an error while saving the data. @ https://dev.ibnbadis.org/exp_entry.php?site_id=4&paper=PS4E20B&ULang=AR&TLang=EN&ILang=AR&nfw9=1&page=48&npage=48&mbr=26:403
[ 2057292ms] [ERROR] Failed to load resource: net::ERR_NAME_NOT_RESOLVED @ https://res4sites/templates/myquds_ibnbadis/SHimages/usericon0.png:0
[ 2060178ms] [ERROR] Failed to load resource: net::ERR_NAME_NOT_RESOLVED @ https://ahgsites.earabics.com/AppsDZlast/Icons/IZP0A16D.gif:0
[ 2093504ms] [ERROR]  Error: Code 5xx
    at submitForms (https://dev.ibnbadis.org/exp_entry.php?site_id=4&paper=PS4E20B&ULang=AR&TLang=EN&ILang=AR&nfw9=1&page=49&npage=49&mbr=26:2970:30)
    at async HTMLButtonElement.<anonymous> (https://dev.ibnbadis.org/exp_entry.php?site_id=4&paper=PS4E20B&ULang=AR&TLang=EN&ILang=AR&nfw9=1&page=49&npage=49&mbr=26:399:21) @ https://dev.ibnbadis.org/exp_entry.php?site_id=4&paper=PS4E20B&ULang=AR&TLang=EN&ILang=AR&nfw9=1&page=49&npage=49&mbr=26:2974
[ 2093505ms] [ERROR] There was an error while saving the data. @ https://dev.ibnbadis.org/exp_entry.php?site_id=4&paper=PS4E20B&ULang=AR&TLang=EN&ILang=AR&nfw9=1&page=49&npage=49&mbr=26:403
[ 2156216ms] [ERROR]  Error: Code 5xx
    at submitForms (https://dev.ibnbadis.org/exp_entry.php?site_id=4&paper=PS4E20B&ULang=AR&TLang=EN&ILang=AR&nfw9=1&page=50&npage=50&mbr=26:2970:30)
    at async HTMLButtonElement.<anonymous> (https://dev.ibnbadis.org/exp_entry.php?site_id=4&paper=PS4E20B&ULang=AR&TLang=EN&ILang=AR&nfw9=1&page=50&npage=50&mbr=26:399:21) @ https://dev.ibnbadis.org/exp_entry.php?site_id=4&paper=PS4E20B&ULang=AR&TLang=EN&ILang=AR&nfw9=1&page=50&npage=50&mbr=26:2974
[ 2156216ms] [ERROR] There was an error while saving the data. @ https://dev.ibnbadis.org/exp_entry.php?site_id=4&paper=PS4E20B&ULang=AR&TLang=EN&ILang=AR&nfw9=1&page=50&npage=50&mbr=26:403
[ 2216984ms] [ERROR]  Error: Code 5xx
    at submitForms (https://dev.ibnbadis.org/exp_entry.php?site_id=4&paper=PS4E20B&ULang=AR&TLang=EN&ILang=AR&nfw9=1&page=51&npage=51&mbr=26:2970:30)
    at async HTMLButtonElement.<anonymous> (https://dev.ibnbadis.org/exp_entry.php?site_id=4&paper=PS4E20B&ULang=AR&TLang=EN&ILang=AR&nfw9=1&page=51&npage=51&mbr=26:399:21) @ https://dev.ibnbadis.org/exp_entry.php?site_id=4&paper=PS4E20B&ULang=AR&TLang=EN&ILang=AR&nfw9=1&page=51&npage=51&mbr=26:2974
[ 2216985ms] [ERROR] There was an error while saving the data. @ https://dev.ibnbadis.org/exp_entry.php?site_id=4&paper=PS4E20B&ULang=AR&TLang=EN&ILang=AR&nfw9=1&page=51&npage=51&mbr=26:403
[ 2252555ms] [ERROR] Failed to load resource: net::ERR_NAME_NOT_RESOLVED @ https://res4sites/templates/myquds_ibnbadis/SHimages/usericon0.png:0
[ 2255217ms] [ERROR] Failed to load resource: net::ERR_NAME_NOT_RESOLVED @ https://ahgsites.earabics.com/AppsDZlast/Icons/IZP0A16D.gif:0
[ 2290660ms] [ERROR]  Error: Code 5xx
    at submitForms (https://dev.ibnbadis.org/exp_entry.php?site_id=4&paper=PS4E20B&ULang=AR&TLang=EN&ILang=AR&nfw9=1&page=52&npage=52&mbr=26:2970:30)
    at async HTMLButtonElement.<anonymous> (https://dev.ibnbadis.org/exp_entry.php?site_id=4&paper=PS4E20B&ULang=AR&TLang=EN&ILang=AR&nfw9=1&page=52&npage=52&mbr=26:399:21) @ https://dev.ibnbadis.org/exp_entry.php?site_id=4&paper=PS4E20B&ULang=AR&TLang=EN&ILang=AR&nfw9=1&page=52&npage=52&mbr=26:2974
[ 2290660ms] [ERROR] There was an error while saving the data. @ https://dev.ibnbadis.org/exp_entry.php?site_id=4&paper=PS4E20B&ULang=AR&TLang=EN&ILang=AR&nfw9=1&page=52&npage=52&mbr=26:403
[ 2355823ms] [ERROR]  Error: Code 5xx
    at submitForms (https://dev.ibnbadis.org/exp_entry.php?site_id=4&paper=PS4E20B&ULang=AR&TLang=EN&ILang=AR&nfw9=1&page=53&npage=53&mbr=26:2970:30)
    at async HTMLButtonElement.<anonymous> (https://dev.ibnbadis.org/exp_entry.php?site_id=4&paper=PS4E20B&ULang=AR&TLang=EN&ILang=AR&nfw9=1&page=53&npage=53&mbr=26:399:21) @ https://dev.ibnbadis.org/exp_entry.php?site_id=4&paper=PS4E20B&ULang=AR&TLang=EN&ILang=AR&nfw9=1&page=53&npage=53&mbr=26:2974
[ 2355824ms] [ERROR] There was an error while saving the data. @ https://dev.ibnbadis.org/exp_entry.php?site_id=4&paper=PS4E20B&ULang=AR&TLang=EN&ILang=AR&nfw9=1&page=53&npage=53&mbr=26:403
[ 2414231ms] [ERROR]  Error: Code 5xx
    at submitForms (https://dev.ibnbadis.org/exp_entry.php?site_id=4&paper=PS4E20B&ULang=AR&TLang=EN&ILang=AR&nfw9=1&page=54&npage=54&mbr=26:2970:30)
    at async HTMLButtonElement.<anonymous> (https://dev.ibnbadis.org/exp_entry.php?site_id=4&paper=PS4E20B&ULang=AR&TLang=EN&ILang=AR&nfw9=1&page=54&npage=54&mbr=26:399:21) @ https://dev.ibnbadis.org/exp_entry.php?site_id=4&paper=PS4E20B&ULang=AR&TLang=EN&ILang=AR&nfw9=1&page=54&npage=54&mbr=26:2974
[ 2414231ms] [ERROR] There was an error while saving the data. @ https://dev.ibnbadis.org/exp_entry.php?site_id=4&paper=PS4E20B&ULang=AR&TLang=EN&ILang=AR&nfw9=1&page=54&npage=54&mbr=26:403
[ 2448908ms] [ERROR] Failed to load resource: net::ERR_NAME_NOT_RESOLVED @ https://res4sites/templates/myquds_ibnbadis/SHimages/usericon0.png:0
[ 2451765ms] [ERROR] Failed to load resource: net::ERR_NAME_NOT_RESOLVED @ https://ahgsites.earabics.com/AppsDZlast/Icons/IZP0A16D.gif:0
[ 2491152ms] [ERROR]  Error: Code 5xx
    at submitForms (https://dev.ibnbadis.org/exp_entry.php?site_id=4&paper=PS4E20B&ULang=AR&TLang=EN&ILang=AR&nfw9=1&page=55&npage=55&mbr=26:2970:30)
    at async HTMLButtonElement.<anonymous> (https://dev.ibnbadis.org/exp_entry.php?site_id=4&paper=PS4E20B&ULang=AR&TLang=EN&ILang=AR&nfw9=1&page=55&npage=55&mbr=26:399:21) @ https://dev.ibnbadis.org/exp_entry.php?site_id=4&paper=PS4E20B&ULang=AR&TLang=EN&ILang=AR&nfw9=1&page=55&npage=55&mbr=26:2974
[ 2491152ms] [ERROR] There was an error while saving the data. @ https://dev.ibnbadis.org/exp_entry.php?site_id=4&paper=PS4E20B&ULang=AR&TLang=EN&ILang=AR&nfw9=1&page=55&npage=55&mbr=26:403
[ 2562254ms] [ERROR]  Error: Code 5xx
    at submitForms (https://dev.ibnbadis.org/exp_entry.php?site_id=4&paper=PS4E20B&ULang=AR&TLang=EN&ILang=AR&nfw9=1&page=56&npage=56&mbr=26:2970:30)
    at async HTMLButtonElement.<anonymous> (https://dev.ibnbadis.org/exp_entry.php?site_id=4&paper=PS4E20B&ULang=AR&TLang=EN&ILang=AR&nfw9=1&page=56&npage=56&mbr=26:399:21) @ https://dev.ibnbadis.org/exp_entry.php?site_id=4&paper=PS4E20B&ULang=AR&TLang=EN&ILang=AR&nfw9=1&page=56&npage=56&mbr=26:2974
[ 2562254ms] [ERROR] There was an error while saving the data. @ https://dev.ibnbadis.org/exp_entry.php?site_id=4&paper=PS4E20B&ULang=AR&TLang=EN&ILang=AR&nfw9=1&page=56&npage=56&mbr=26:403
[ 2623328ms] [ERROR]  Error: Code 5xx
    at submitForms (https://dev.ibnbadis.org/exp_entry.php?site_id=4&paper=PS4E20B&ULang=AR&TLang=EN&ILang=AR&nfw9=1&page=57&npage=57&mbr=26:2970:30)
    at async HTMLButtonElement.<anonymous> (https://dev.ibnbadis.org/exp_entry.php?site_id=4&paper=PS4E20B&ULang=AR&TLang=EN&ILang=AR&nfw9=1&page=57&npage=57&mbr=26:399:21) @ https://dev.ibnbadis.org/exp_entry.php?site_id=4&paper=PS4E20B&ULang=AR&TLang=EN&ILang=AR&nfw9=1&page=57&npage=57&mbr=26:2974
[ 2623328ms] [ERROR] There was an error while saving the data. @ https://dev.ibnbadis.org/exp_entry.php?site_id=4&paper=PS4E20B&ULang=AR&TLang=EN&ILang=AR&nfw9=1&page=57&npage=57&mbr=26:403
[ 2673573ms] [ERROR] Failed to load resource: net::ERR_NAME_NOT_RESOLVED @ https://res4sites/templates/myquds_ibnbadis/SHimages/usericon0.png:0
[ 2676539ms] [ERROR] Failed to load resource: net::ERR_NAME_NOT_RESOLVED @ https://ahgsites.earabics.com/AppsDZlast/Icons/IZP0A16D.gif:0
[ 2717797ms] [ERROR]  Error: Code 5xx
    at submitForms (https://dev.ibnbadis.org/exp_entry.php?site_id=4&paper=PS4E20B&ULang=AR&TLang=EN&ILang=AR&nfw9=1&page=58&npage=58&mbr=26:2970:30)
    at async HTMLButtonElement.<anonymous> (https://dev.ibnbadis.org/exp_entry.php?site_id=4&paper=PS4E20B&ULang=AR&TLang=EN&ILang=AR&nfw9=1&page=58&npage=58&mbr=26:399:21) @ https://dev.ibnbadis.org/exp_entry.php?site_id=4&paper=PS4E20B&ULang=AR&TLang=EN&ILang=AR&nfw9=1&page=58&npage=58&mbr=26:2974
[ 2717797ms] [ERROR] There was an error while saving the data. @ https://dev.ibnbadis.org/exp_entry.php?site_id=4&paper=PS4E20B&ULang=AR&TLang=EN&ILang=AR&nfw9=1&page=58&npage=58&mbr=26:403
[ 2787206ms] [ERROR]  Error: Code 5xx
    at submitForms (https://dev.ibnbadis.org/exp_entry.php?site_id=4&paper=PS4E20B&ULang=AR&TLang=EN&ILang=AR&nfw9=1&page=59&npage=59&mbr=26:2970:30)
    at async HTMLButtonElement.<anonymous> (https://dev.ibnbadis.org/exp_entry.php?site_id=4&paper=PS4E20B&ULang=AR&TLang=EN&ILang=AR&nfw9=1&page=59&npage=59&mbr=26:399:21) @ https://dev.ibnbadis.org/exp_entry.php?site_id=4&paper=PS4E20B&ULang=AR&TLang=EN&ILang=AR&nfw9=1&page=59&npage=59&mbr=26:2974
[ 2787207ms] [ERROR] There was an error while saving the data. @ https://dev.ibnbadis.org/exp_entry.php?site_id=4&paper=PS4E20B&ULang=AR&TLang=EN&ILang=AR&nfw9=1&page=59&npage=59&mbr=26:403
[ 2864984ms] [ERROR]  Error: Code 5xx
    at submitForms (https://dev.ibnbadis.org/exp_entry.php?site_id=4&paper=PS4E20B&ULang=AR&TLang=EN&ILang=AR&nfw9=1&page=60&npage=60&mbr=26:2970:30)
    at async HTMLButtonElement.<anonymous> (https://dev.ibnbadis.org/exp_entry.php?site_id=4&paper=PS4E20B&ULang=AR&TLang=EN&ILang=AR&nfw9=1&page=60&npage=60&mbr=26:399:21) @ https://dev.ibnbadis.org/exp_entry.php?site_id=4&paper=PS4E20B&ULang=AR&TLang=EN&ILang=AR&nfw9=1&page=60&npage=60&mbr=26:2974
[ 2864985ms] [ERROR] There was an error while saving the data. @ https://dev.ibnbadis.org/exp_entry.php?site_id=4&paper=PS4E20B&ULang=AR&TLang=EN&ILang=AR&nfw9=1&page=60&npage=60&mbr=26:403
[ 2925148ms] [ERROR]  Error: Code 5xx
    at submitForms (https://dev.ibnbadis.org/exp_entry.php?site_id=4&paper=PS4E20B&ULang=AR&TLang=EN&ILang=AR&nfw9=1&page=61&npage=61&mbr=26:2970:30)
    at async HTMLButtonElement.<anonymous> (https://dev.ibnbadis.org/exp_entry.php?site_id=4&paper=PS4E20B&ULang=AR&TLang=EN&ILang=AR&nfw9=1&page=61&npage=61&mbr=26:399:21) @ https://dev.ibnbadis.org/exp_entry.php?site_id=4&paper=PS4E20B&ULang=AR&TLang=EN&ILang=AR&nfw9=1&page=61&npage=61&mbr=26:2974
[ 2925148ms] [ERROR] There was an error while saving the data. @ https://dev.ibnbadis.org/exp_entry.php?site_id=4&paper=PS4E20B&ULang=AR&TLang=EN&ILang=AR&nfw9=1&page=61&npage=61&mbr=26:403
[ 2957298ms] [ERROR] Failed to load resource: net::ERR_NAME_NOT_RESOLVED @ https://res4sites/templates/myquds_ibnbadis/SHimages/usericon0.png:0
[ 2960087ms] [ERROR] Failed to load resource: net::ERR_NAME_NOT_RESOLVED @ https://ahgsites.earabics.com/AppsDZlast/Icons/IZP0A16D.gif:0
[ 2999692ms] [ERROR]  Error: Code 5xx
    at submitForms (https://dev.ibnbadis.org/exp_entry.php?site_id=4&paper=PS4E20B&ULang=AR&TLang=EN&ILang=AR&nfw9=1&page=62&npage=62&mbr=26:2970:30)
    at async HTMLButtonElement.<anonymous> (https://dev.ibnbadis.org/exp_entry.php?site_id=4&paper=PS4E20B&ULang=AR&TLang=EN&ILang=AR&nfw9=1&page=62&npage=62&mbr=26:399:21) @ https://dev.ibnbadis.org/exp_entry.php?site_id=4&paper=PS4E20B&ULang=AR&TLang=EN&ILang=AR&nfw9=1&page=62&npage=62&mbr=26:2974
[ 2999692ms] [ERROR] There was an error while saving the data. @ https://dev.ibnbadis.org/exp_entry.php?site_id=4&paper=PS4E20B&ULang=AR&TLang=EN&ILang=AR&nfw9=1&page=62&npage=62&mbr=26:403
[ 3067348ms] [ERROR]  Error: Code 5xx
    at submitForms (https://dev.ibnbadis.org/exp_entry.php?site_id=4&paper=PS4E20B&ULang=AR&TLang=EN&ILang=AR&nfw9=1&page=63&npage=63&mbr=26:2970:30)
    at async HTMLButtonElement.<anonymous> (https://dev.ibnbadis.org/exp_entry.php?site_id=4&paper=PS4E20B&ULang=AR&TLang=EN&ILang=AR&nfw9=1&page=63&npage=63&mbr=26:399:21) @ https://dev.ibnbadis.org/exp_entry.php?site_id=4&paper=PS4E20B&ULang=AR&TLang=EN&ILang=AR&nfw9=1&page=63&npage=63&mbr=26:2974
[ 3067348ms] [ERROR] There was an error while saving the data. @ https://dev.ibnbadis.org/exp_entry.php?site_id=4&paper=PS4E20B&ULang=AR&TLang=EN&ILang=AR&nfw9=1&page=63&npage=63&mbr=26:403
[ 3101690ms] [ERROR] Failed to load resource: net::ERR_NAME_NOT_RESOLVED @ https://res4sites/templates/myquds_ibnbadis/SHimages/usericon0.png:0
[ 3104529ms] [ERROR] Failed to load resource: net::ERR_NAME_NOT_RESOLVED @ https://ahgsites.earabics.com/AppsDZlast/Icons/IZP0A16D.gif:0
[ 3140274ms] [ERROR]  Error: Code 5xx
    at submitForms (https://dev.ibnbadis.org/exp_entry.php?site_id=4&paper=PS4E20B&ULang=AR&TLang=EN&ILang=AR&nfw9=1&page=64&npage=64&mbr=26:2970:30)
    at async HTMLButtonElement.<anonymous> (https://dev.ibnbadis.org/exp_entry.php?site_id=4&paper=PS4E20B&ULang=AR&TLang=EN&ILang=AR&nfw9=1&page=64&npage=64&mbr=26:399:21) @ https://dev.ibnbadis.org/exp_entry.php?site_id=4&paper=PS4E20B&ULang=AR&TLang=EN&ILang=AR&nfw9=1&page=64&npage=64&mbr=26:2974
[ 3140276ms] [ERROR] There was an error while saving the data. @ https://dev.ibnbadis.org/exp_entry.php?site_id=4&paper=PS4E20B&ULang=AR&TLang=EN&ILang=AR&nfw9=1&page=64&npage=64&mbr=26:403
[ 3193047ms] [ERROR] Failed to load resource: net::ERR_NAME_NOT_RESOLVED @ https://res4sites/templates/myquds_ibnbadis/SHimages/usericon0.png:0
[ 3195579ms] [ERROR] Failed to load resource: net::ERR_NAME_NOT_RESOLVED @ https://ahgsites.earabics.com/AppsDZlast/Icons/IZP0A16D.gif:0
[ 3312253ms] [ERROR] Failed to load resource: net::ERR_NAME_NOT_RESOLVED @ https://res4sites/templates/myquds_ibnbadis/SHimages/usericon0.png:0
[ 3315127ms] [ERROR] Failed to load resource: net::ERR_NAME_NOT_RESOLVED @ https://ahgsites.earabics.com/AppsDZlast/Icons/IZP0A16D.gif:0
[ 3421270ms] [ERROR] Failed to load resource: net::ERR_NAME_NOT_RESOLVED @ https://res4sites/templates/myquds_ibnbadis/SHimages/usericon0.png:0
[ 3424319ms] [ERROR] Failed to load resource: net::ERR_NAME_NOT_RESOLVED @ https://ahgsites.earabics.com/AppsDZlast/Icons/IZP0A16D.gif:0
[ 3517561ms] [ERROR] Failed to load resource: net::ERR_NAME_NOT_RESOLVED @ https://res4sites/templates/myquds_ibnbadis/SHimages/usericon0.png:0
[ 3520336ms] [ERROR] Failed to load resource: net::ERR_NAME_NOT_RESOLVED @ https://ahgsites.earabics.com/AppsDZlast/Icons/IZP0A16D.gif:0
[ 3676746ms] [ERROR] Failed to load resource: net::ERR_NAME_NOT_RESOLVED @ https://res4sites/templates/myquds_ibnbadis/SHimages/usericon0.png:0
[ 3680029ms] [ERROR] Failed to load resource: net::ERR_NAME_NOT_RESOLVED @ https://ahgsites.earabics.com/AppsDZlast/Icons/IZP0A16D.gif:0
[ 3774943ms] [ERROR] Failed to load resource: net::ERR_NAME_NOT_RESOLVED @ https://res4sites/templates/myquds_ibnbadis/SHimages/usericon0.png:0
[ 3777872ms] [ERROR] Failed to load resource: net::ERR_NAME_NOT_RESOLVED @ https://ahgsites.earabics.com/AppsDZlast/Icons/IZP0A16D.gif:0
[ 3925929ms] [ERROR] Failed to load resource: net::ERR_NAME_NOT_RESOLVED @ https://res4sites/templates/myquds_ibnbadis/SHimages/usericon0.png:0
[ 3928709ms] [ERROR] Failed to load resource: net::ERR_NAME_NOT_RESOLVED @ https://ahgsites.earabics.com/AppsDZlast/Icons/IZP0A16D.gif:0
[ 4016760ms] [ERROR] Failed to load resource: net::ERR_NAME_NOT_RESOLVED @ https://res4sites/templates/myquds_ibnbadis/SHimages/usericon0.png:0
[ 4019559ms] [ERROR] Failed to load resource: net::ERR_NAME_NOT_RESOLVED @ https://ahgsites.earabics.com/AppsDZlast/Icons/IZP0A16D.gif:0
