[    1285ms] [WARNING] Alerted:  @ https://myquds.ibnbadis.org/content.php?gid=1222_0_16:5
[   63409ms] [ERROR] Failed to load resource: net::ERR_NAME_NOT_RESOLVED @ https://res4sites/templates/myquds_ibnbadis/SHimages/usericon0.png:0
[   63491ms] [ERROR] Failed to load resource: net::ERR_NAME_NOT_RESOLVED @ https://ahgsites.earabics.com/AppsDZlast/Icons/IZP0A16D.gif:0
[   94205ms] [ERROR]  Error: Code 5xx
    at submitForms (https://dev.ibnbadis.org/exp_entry.php?site_id=4&paper=PS6E20A&ULang=AR&TLang=EN&ILang=AR&nfw9=1&page=60&npage=60&mbr=26:2970:30)
    at async HTMLButtonElement.<anonymous> (https://dev.ibnbadis.org/exp_entry.php?site_id=4&paper=PS6E20A&ULang=AR&TLang=EN&ILang=AR&nfw9=1&page=60&npage=60&mbr=26:399:21) @ https://dev.ibnbadis.org/exp_entry.php?site_id=4&paper=PS6E20A&ULang=AR&TLang=EN&ILang=AR&nfw9=1&page=60&npage=60&mbr=26:2974
[   94205ms] [ERROR] There was an error while saving the data. @ https://dev.ibnbadis.org/exp_entry.php?site_id=4&paper=PS6E20A&ULang=AR&TLang=EN&ILang=AR&nfw9=1&page=60&npage=60&mbr=26:403
[  139490ms] [ERROR]  Error: Code 5xx
    at submitForms (https://dev.ibnbadis.org/exp_entry.php?site_id=4&paper=PS6E20A&ULang=AR&TLang=EN&ILang=AR&nfw9=1&page=61&npage=61&mbr=26:2970:30)
    at async HTMLButtonElement.<anonymous> (https://dev.ibnbadis.org/exp_entry.php?site_id=4&paper=PS6E20A&ULang=AR&TLang=EN&ILang=AR&nfw9=1&page=61&npage=61&mbr=26:399:21) @ https://dev.ibnbadis.org/exp_entry.php?site_id=4&paper=PS6E20A&ULang=AR&TLang=EN&ILang=AR&nfw9=1&page=61&npage=61&mbr=26:2974
[  139490ms] [ERROR] There was an error while saving the data. @ https://dev.ibnbadis.org/exp_entry.php?site_id=4&paper=PS6E20A&ULang=AR&TLang=EN&ILang=AR&nfw9=1&page=61&npage=61&mbr=26:403
[  189054ms] [ERROR]  Error: Code 5xx
    at submitForms (https://dev.ibnbadis.org/exp_entry.php?site_id=4&paper=PS6E20A&ULang=AR&TLang=EN&ILang=AR&nfw9=1&page=62&npage=62&mbr=26:2970:30)
    at async HTMLButtonElement.<anonymous> (https://dev.ibnbadis.org/exp_entry.php?site_id=4&paper=PS6E20A&ULang=AR&TLang=EN&ILang=AR&nfw9=1&page=62&npage=62&mbr=26:399:21) @ https://dev.ibnbadis.org/exp_entry.php?site_id=4&paper=PS6E20A&ULang=AR&TLang=EN&ILang=AR&nfw9=1&page=62&npage=62&mbr=26:2974
[  189054ms] [ERROR] There was an error while saving the data. @ https://dev.ibnbadis.org/exp_entry.php?site_id=4&paper=PS6E20A&ULang=AR&TLang=EN&ILang=AR&nfw9=1&page=62&npage=62&mbr=26:403
[  237677ms] [ERROR]  Error: Code 5xx
    at submitForms (https://dev.ibnbadis.org/exp_entry.php?site_id=4&paper=PS6E20A&ULang=AR&TLang=EN&ILang=AR&nfw9=1&page=63&npage=63&mbr=26:2970:30)
    at async HTMLButtonElement.<anonymous> (https://dev.ibnbadis.org/exp_entry.php?site_id=4&paper=PS6E20A&ULang=AR&TLang=EN&ILang=AR&nfw9=1&page=63&npage=63&mbr=26:399:21) @ https://dev.ibnbadis.org/exp_entry.php?site_id=4&paper=PS6E20A&ULang=AR&TLang=EN&ILang=AR&nfw9=1&page=63&npage=63&mbr=26:2974
[  237678ms] [ERROR] There was an error while saving the data. @ https://dev.ibnbadis.org/exp_entry.php?site_id=4&paper=PS6E20A&ULang=AR&TLang=EN&ILang=AR&nfw9=1&page=63&npage=63&mbr=26:403
[  284202ms] [WARNING] Alerted:  @ https://myquds.ibnbadis.org/content.php?gid=1224_0_17:5
[  287362ms] [ERROR] Failed to load resource: net::ERR_NAME_NOT_RESOLVED @ https://res4sites/templates/myquds_ibnbadis/SHimages/usericon0.png:0
[  287433ms] [ERROR] Failed to load resource: net::ERR_NAME_NOT_RESOLVED @ https://ahgsites.earabics.com/AppsDZlast/Icons/IZP0A16D.gif:0
[  319086ms] [ERROR]  Error: Code 5xx
    at submitForms (https://dev.ibnbadis.org/exp_entry.php?site_id=4&paper=PS6E20A&ULang=AR&TLang=EN&ILang=AR&nfw9=1&page=64&npage=64&mbr=26:2970:30)
    at async HTMLButtonElement.<anonymous> (https://dev.ibnbadis.org/exp_entry.php?site_id=4&paper=PS6E20A&ULang=AR&TLang=EN&ILang=AR&nfw9=1&page=64&npage=64&mbr=26:399:21) @ https://dev.ibnbadis.org/exp_entry.php?site_id=4&paper=PS6E20A&ULang=AR&TLang=EN&ILang=AR&nfw9=1&page=64&npage=64&mbr=26:2974
[  319087ms] [ERROR] There was an error while saving the data. @ https://dev.ibnbadis.org/exp_entry.php?site_id=4&paper=PS6E20A&ULang=AR&TLang=EN&ILang=AR&nfw9=1&page=64&npage=64&mbr=26:403
[  396625ms] [ERROR]  Error: Code 5xx
    at submitForms (https://dev.ibnbadis.org/exp_entry.php?site_id=4&paper=PS6E20A&ULang=AR&TLang=EN&ILang=AR&nfw9=1&page=65&npage=65&mbr=26:2970:30)
    at async HTMLButtonElement.<anonymous> (https://dev.ibnbadis.org/exp_entry.php?site_id=4&paper=PS6E20A&ULang=AR&TLang=EN&ILang=AR&nfw9=1&page=65&npage=65&mbr=26:399:21) @ https://dev.ibnbadis.org/exp_entry.php?site_id=4&paper=PS6E20A&ULang=AR&TLang=EN&ILang=AR&nfw9=1&page=65&npage=65&mbr=26:2974
[  396625ms] [ERROR] There was an error while saving the data. @ https://dev.ibnbadis.org/exp_entry.php?site_id=4&paper=PS6E20A&ULang=AR&TLang=EN&ILang=AR&nfw9=1&page=65&npage=65&mbr=26:403
[  454699ms] [ERROR]  Error: Code 5xx
    at submitForms (https://dev.ibnbadis.org/exp_entry.php?site_id=4&paper=PS6E20A&ULang=AR&TLang=EN&ILang=AR&nfw9=1&page=66&npage=66&mbr=26:2970:30)
    at async HTMLButtonElement.<anonymous> (https://dev.ibnbadis.org/exp_entry.php?site_id=4&paper=PS6E20A&ULang=AR&TLang=EN&ILang=AR&nfw9=1&page=66&npage=66&mbr=26:399:21) @ https://dev.ibnbadis.org/exp_entry.php?site_id=4&paper=PS6E20A&ULang=AR&TLang=EN&ILang=AR&nfw9=1&page=66&npage=66&mbr=26:2974
[  454699ms] [ERROR] There was an error while saving the data. @ https://dev.ibnbadis.org/exp_entry.php?site_id=4&paper=PS6E20A&ULang=AR&TLang=EN&ILang=AR&nfw9=1&page=66&npage=66&mbr=26:403
[  505866ms] [ERROR]  Error: Code 5xx
    at submitForms (https://dev.ibnbadis.org/exp_entry.php?site_id=4&paper=PS6E20A&ULang=AR&TLang=EN&ILang=AR&nfw9=1&page=67&npage=67&mbr=26:2970:30)
    at async HTMLButtonElement.<anonymous> (https://dev.ibnbadis.org/exp_entry.php?site_id=4&paper=PS6E20A&ULang=AR&TLang=EN&ILang=AR&nfw9=1&page=67&npage=67&mbr=26:399:21) @ https://dev.ibnbadis.org/exp_entry.php?site_id=4&paper=PS6E20A&ULang=AR&TLang=EN&ILang=AR&nfw9=1&page=67&npage=67&mbr=26:2974
[  505866ms] [ERROR] There was an error while saving the data. @ https://dev.ibnbadis.org/exp_entry.php?site_id=4&paper=PS6E20A&ULang=AR&TLang=EN&ILang=AR&nfw9=1&page=67&npage=67&mbr=26:403
[  546487ms] [WARNING] Alerted:  @ https://myquds.ibnbadis.org/content.php?gid=1226_0_18:5
[  550638ms] [ERROR] Failed to load resource: net::ERR_NAME_NOT_RESOLVED @ https://res4sites/templates/myquds_ibnbadis/SHimages/usericon0.png:0
[  550711ms] [ERROR] Failed to load resource: net::ERR_NAME_NOT_RESOLVED @ https://ahgsites.earabics.com/AppsDZlast/Icons/IZP0A16D.gif:0
[  579321ms] [ERROR]  Error: Code 5xx
    at submitForms (https://dev.ibnbadis.org/exp_entry.php?site_id=4&paper=PS6E20A&ULang=AR&TLang=EN&ILang=AR&nfw9=1&page=68&npage=68&mbr=26:2970:30)
    at async HTMLButtonElement.<anonymous> (https://dev.ibnbadis.org/exp_entry.php?site_id=4&paper=PS6E20A&ULang=AR&TLang=EN&ILang=AR&nfw9=1&page=68&npage=68&mbr=26:399:21) @ https://dev.ibnbadis.org/exp_entry.php?site_id=4&paper=PS6E20A&ULang=AR&TLang=EN&ILang=AR&nfw9=1&page=68&npage=68&mbr=26:2974
[  579322ms] [ERROR] There was an error while saving the data. @ https://dev.ibnbadis.org/exp_entry.php?site_id=4&paper=PS6E20A&ULang=AR&TLang=EN&ILang=AR&nfw9=1&page=68&npage=68&mbr=26:403
[  632322ms] [ERROR]  Error: Code 5xx
    at submitForms (https://dev.ibnbadis.org/exp_entry.php?site_id=4&paper=PS6E20A&ULang=AR&TLang=EN&ILang=AR&nfw9=1&page=69&npage=69&mbr=26:2970:30)
    at async HTMLButtonElement.<anonymous> (https://dev.ibnbadis.org/exp_entry.php?site_id=4&paper=PS6E20A&ULang=AR&TLang=EN&ILang=AR&nfw9=1&page=69&npage=69&mbr=26:399:21) @ https://dev.ibnbadis.org/exp_entry.php?site_id=4&paper=PS6E20A&ULang=AR&TLang=EN&ILang=AR&nfw9=1&page=69&npage=69&mbr=26:2974
[  632322ms] [ERROR] There was an error while saving the data. @ https://dev.ibnbadis.org/exp_entry.php?site_id=4&paper=PS6E20A&ULang=AR&TLang=EN&ILang=AR&nfw9=1&page=69&npage=69&mbr=26:403
[  684262ms] [ERROR]  Error: Code 5xx
    at submitForms (https://dev.ibnbadis.org/exp_entry.php?site_id=4&paper=PS6E20A&ULang=AR&TLang=EN&ILang=AR&nfw9=1&page=70&npage=70&mbr=26:2970:30)
    at async HTMLButtonElement.<anonymous> (https://dev.ibnbadis.org/exp_entry.php?site_id=4&paper=PS6E20A&ULang=AR&TLang=EN&ILang=AR&nfw9=1&page=70&npage=70&mbr=26:399:21) @ https://dev.ibnbadis.org/exp_entry.php?site_id=4&paper=PS6E20A&ULang=AR&TLang=EN&ILang=AR&nfw9=1&page=70&npage=70&mbr=26:2974
[  684262ms] [ERROR] There was an error while saving the data. @ https://dev.ibnbadis.org/exp_entry.php?site_id=4&paper=PS6E20A&ULang=AR&TLang=EN&ILang=AR&nfw9=1&page=70&npage=70&mbr=26:403
[  730841ms] [ERROR]  Error: Code 5xx
    at submitForms (https://dev.ibnbadis.org/exp_entry.php?site_id=4&paper=PS6E20A&ULang=AR&TLang=EN&ILang=AR&nfw9=1&page=71&npage=71&mbr=26:2970:30)
    at async HTMLButtonElement.<anonymous> (https://dev.ibnbadis.org/exp_entry.php?site_id=4&paper=PS6E20A&ULang=AR&TLang=EN&ILang=AR&nfw9=1&page=71&npage=71&mbr=26:399:21) @ https://dev.ibnbadis.org/exp_entry.php?site_id=4&paper=PS6E20A&ULang=AR&TLang=EN&ILang=AR&nfw9=1&page=71&npage=71&mbr=26:2974
[  730841ms] [ERROR] There was an error while saving the data. @ https://dev.ibnbadis.org/exp_entry.php?site_id=4&paper=PS6E20A&ULang=AR&TLang=EN&ILang=AR&nfw9=1&page=71&npage=71&mbr=26:403
